#
# A fatal error has been detected by the Java Runtime Environment:
#
#  SIGSEGV (0xb) at pc=0x00007ff81711321d, pid=71305, tid=259
#
# JRE version: Java(TM) SE Runtime Environment (22.0+36) (build 22+36-2370)
# Java VM: Java HotSpot(TM) 64-Bit Server VM (22+36-2370, mixed mode, sharing, tiered, compressed oops, compressed class ptrs, g1 gc, bsd-amd64)
# Problematic frame:
# C  [libobjc.A.dylib+0x721d]  objc_msgSend+0x1d
#
# No core dump will be written. Core dumps have been disabled. To enable core dumping, try "ulimit -c unlimited" before starting Java again
#
# If you would like to submit a bug report, please visit:
#   https://bugreport.java.com/bugreport/crash.jsp
# The crash happened outside the Java Virtual Machine in native code.
# See problematic frame for where to report the bug.
#

---------------  S U M M A R Y ------------

Command Line: -Dfile.encoding=UTF-8 -Dstdout.encoding=UTF-8 -Dstderr.encoding=UTF-8 -XX:+ShowCodeDetailsInExceptionMessages trax.MainApp

Host: "MacBookPro12,1" x86_64 2700 MHz, 4 cores, 8G, Darwin 21.6.0, macOS 12.7.4 (21H1123)
Time: Fri Apr 19 17:30:17 2024 MDT elapsed time: 3.151333 seconds (0d 0h 0m 3s)

---------------  T H R E A D  ---------------

Current thread (0x00007fdee982bc00):  JavaThread "AppKit Thread" daemon [_thread_in_native, id=259, stack(0x00007ff7b1884000,0x00007ff7b2084000) (8192K)]

Stack: [0x00007ff7b1884000,0x00007ff7b2084000],  sp=0x00007ff7b207df88,  free space=8167k
Native frames: (J=compiled Java code, j=interpreted, Vv=VM code, C=native code)
C  [libobjc.A.dylib+0x721d]  objc_msgSend+0x1d
j  sun.java2d.metal.MTLLayer.blitTexture(J)V+0 java.desktop@22
j  sun.java2d.metal.MTLLayer.lambda$drawInMTLContext$4(J)V+1 java.desktop@22
j  sun.java2d.metal.MTLLayer$$Lambda+0x000000012d0bab08.run(J)V+1 java.desktop@22
j  sun.lwawt.macosx.CFRetainedResource.execute(Lsun/lwawt/macosx/CFRetainedResource$CFNativeAction;)V+23 java.desktop@22
j  sun.java2d.metal.MTLLayer.drawInMTLContext()V+14 java.desktop@22
v  ~StubRoutines::call_stub 0x0000000120117cc6
V  [libjvm.dylib+0x589f8f]  JavaCalls::call_helper(JavaValue*, methodHandle const&, JavaCallArguments*, JavaThread*)+0x2cf
V  [libjvm.dylib+0x5f8622]  jni_invoke_nonstatic(JNIEnv_*, JavaValue*, _jobject*, JNICallType, _jmethodID*, JNI_ArgumentPusher*, JavaThread*)+0x3e2
V  [libjvm.dylib+0x5fd32b]  jni_CallVoidMethod+0x17b
C  [libawt_lwawt.dylib+0x75b06]  -[MTLLayer blitCallback]+0x296
C  [libawt_lwawt.dylib+0x75c3f]  -[MTLLayer display]+0x5f
C  [QuartzCore+0x2162b]  CA::Layer::display_if_needed(CA::Transaction*)+0x369
C  [QuartzCore+0x178f86]  CA::Context::commit_transaction(CA::Transaction*, double, double*)+0x280
C  [QuartzCore+0x2a89]  CA::Transaction::commit()+0x309
C  [AppKit+0x1aad71]  __62+[CATransaction(NSCATransaction) NS_setFlushesWithDisplayLink]_block_invoke+0x11d
C  [AppKit+0x8f2d3c]  ___NSRunLoopObserverCreateWithHandler_block_invoke+0x29
C  [CoreFoundation+0x7f450]  __CFRUNLOOP_IS_CALLING_OUT_TO_AN_OBSERVER_CALLBACK_FUNCTION__+0x17
C  [CoreFoundation+0x7f2e2]  __CFRunLoopDoObservers+0x21f
C  [CoreFoundation+0x7e774]  __CFRunLoopRun+0x348
C  [CoreFoundation+0x7dd6c]  CFRunLoopRunSpecific+0x232
C  [HIToolbox+0x2e5e6]  RunCurrentEventLoopInMode+0x124
C  [HIToolbox+0x2e34a]  ReceiveNextEventCommon+0x252
C  [HIToolbox+0x2e0e5]  _BlockUntilNextEventMatchingListInModeWithFilter+0x46
C  [AppKit+0x3eaa9]  _DPSNextEvent+0x39f
C  [AppKit+0x3d166]  -[NSApplication(NSEvent) _nextEventMatchingEventMask:untilDate:inMode:dequeue:]+0x572
C  [libosxapp.dylib+0x41fa]  -[NSApplicationAWT nextEventMatchingMask:untilDate:inMode:dequeue:]+0x7a
C  [AppKit+0x2f818]  -[NSApplication run]+0x24a
C  [libosxapp.dylib+0x3fc0]  +[NSApplicationAWT runAWTLoopWithApp:]+0xa0
C  [libawt_lwawt.dylib+0x6e077]  +[AWTStarter starter:headless:]+0x1d7
C  [libosxapp.dylib+0x5ccf]  +[ThreadUtilities invokeBlockCopy:]+0xf
C  [Foundation+0x814f7]  __NSThreadPerformPerform+0xb3
C  [CoreFoundation+0x800ab]  __CFRUNLOOP_IS_CALLING_OUT_TO_A_SOURCE0_PERFORM_FUNCTION__+0x11
C  [CoreFoundation+0x80013]  __CFRunLoopDoSource0+0xb4
C  [CoreFoundation+0x7fd8d]  __CFRunLoopDoSources0+0xf2
C  [CoreFoundation+0x7e7a8]  __CFRunLoopRun+0x37c
C  [CoreFoundation+0x7dd6c]  CFRunLoopRunSpecific+0x232
C  [libjli.dylib+0x6f72]  CreateExecutionEnvironment+0x182
C  [libjli.dylib+0x272f]  JLI_Launch+0x53f
C  [java+0x3c1b]  main+0x17b
C  0x000000011091352e
Java frames: (J=compiled Java code, j=interpreted, Vv=VM code)
j  sun.java2d.metal.MTLLayer.blitTexture(J)V+0 java.desktop@22
j  sun.java2d.metal.MTLLayer.lambda$drawInMTLContext$4(J)V+1 java.desktop@22
j  sun.java2d.metal.MTLLayer$$Lambda+0x000000012d0bab08.run(J)V+1 java.desktop@22
j  sun.lwawt.macosx.CFRetainedResource.execute(Lsun/lwawt/macosx/CFRetainedResource$CFNativeAction;)V+23 java.desktop@22
j  sun.java2d.metal.MTLLayer.drawInMTLContext()V+14 java.desktop@22
v  ~StubRoutines::call_stub 0x0000000120117cc6

siginfo: si_signo: 11 (SIGSEGV), si_code: 1 (SEGV_MAPERR), si_addr: 0x0000000000000018

Registers:
RAX=0x00007fdee8231200, RBX=0x0000600003431ce0, RCX=0x00007fdeea00a0f8, RDX=0xffffffffffffffe0
RSP=0x00007ff7b207df88, RBP=0x00007ff7b207e0c0, RSI=0x00007ff831708267, RDI=0x00007fdee8231200
R8 =0x00007fdeea00a038, R9 =0xfffeffffffffffff, R10=0x0000000000000000, R11=0x00007ff831708267
R12=0x00007ff831751a09, R13=0x00007fdeea00a0f0, R14=0x00007ff817113200, R15=0x00007ff8316fcf9a
RIP=0x00007ff81711321d, EFLAGS=0x0000000000010246, ERR=0x0000000000000004
  TRAPNO=0x000000000000000e


Register to memory mapping:

RAX=0x00007fdee8231200 points into unknown readable memory: 0x0000000000000000 | 00 00 00 00 00 00 00 00
RBX=0x0000600003431ce0 points into unknown readable memory: 0x013d80010efd5eb1 | b1 5e fd 0e 01 80 3d 01
RCX=0x00007fdeea00a0f8 points into unknown readable memory: 0xa3a3a3a3a3a3a3a3 | a3 a3 a3 a3 a3 a3 a3 a3
RDX=0xffffffffffffffe0 is an unknown value
RSP=0x00007ff7b207df88 is pointing into the stack for thread: 0x00007fdee982bc00
RBP=0x00007ff7b207e0c0 is pointing into the stack for thread: 0x00007fdee982bc00
RSI=0x00007ff831708267: <offset 0x1a5fc267> in /usr/lib/libobjc.A.dylib at 0x00007ff81710c000
RDI=0x00007fdee8231200 points into unknown readable memory: 0x0000000000000000 | 00 00 00 00 00 00 00 00
R8 =0x00007fdeea00a038 points into unknown readable memory: 0x0000000000000000 | 00 00 00 00 00 00 00 00
R9 =0xfffeffffffffffff is an unknown value
R10=0x0 is null
R11=0x00007ff831708267: <offset 0x1a5fc267> in /usr/lib/libobjc.A.dylib at 0x00007ff81710c000
R12=0x00007ff831751a09: <offset 0x1a645a09> in /usr/lib/libobjc.A.dylib at 0x00007ff81710c000
R13=0x00007fdeea00a0f0 points into unknown readable memory: 0x0000000000000000 | 00 00 00 00 00 00 00 00
R14=0x00007ff817113200: objc_msgSend+0 in /usr/lib/libobjc.A.dylib at 0x00007ff81710c000
R15=0x00007ff8316fcf9a: <offset 0x1a5f0f9a> in /usr/lib/libobjc.A.dylib at 0x00007ff81710c000

Top of Stack: (sp=0x00007ff7b207df88)
0x00007ff7b207df88:   000000010ef753c1 00007ff7b207dff0
0x00007ff7b207df98:   0000600001f264c0 0000000000000001
0x00007ff7b207dfa8:   0000600002e2c0a0 0000000000000006
0x00007ff7b207dfb8:   0000600001f3d580 4f6f72b401000010
0x00007ff7b207dfc8:   000000016d544dd0 0000000000000000
0x00007ff7b207dfd8:   000000016d544dd0 00007ff7b207e150
0x00007ff7b207dfe8:   00007fdee982bc00 00007ff7b207e0c0
0x00007ff7b207dff8:   00007ff817113d9b 000000010efd5eb0
0x00007ff7b207e008:   0000000000000030 000000016d544dd0
0x00007ff7b207e018:   000000010efd1798 0000600003431ce0
0x00007ff7b207e028:   000000010efb4e26 0000600003431ce0
0x00007ff7b207e038:   00007ff817113200 00007fdee900cbd0
0x00007ff7b207e048:   00007fdee900cfa8 757478655474696c
0x00007ff7b207e058:   0000000000006572 0000000a0000000a
0x00007ff7b207e068:   0000000a0000000a 0000000500000005
0x00007ff7b207e078:   0000000500000005 0000000000000000
0x00007ff7b207e088:   0000000000000000 0000000100000001
0x00007ff7b207e098:   000000016d544dd0 0000000000000000
0x00007ff7b207e0a8:   000000016d544dd0 00007ff7b207e150
0x00007ff7b207e0b8:   00007fdee982bc00 00007ff7b207e128
0x00007ff7b207e0c8:   0000000120123b3c 00007ff7b207e110
0x00007ff7b207e0d8:   00000001201237db fffffffffffffff7
0x00007ff7b207e0e8:   000000016d544dd0 0000000000000005
0x00007ff7b207e0f8:   000000016d5469b0 0000000000000000
0x00007ff7b207e108:   0000000787bf0540 000000016d544dd0
0x00007ff7b207e118:   0000000000000000 00007ff7b207e148
0x00007ff7b207e128:   00007ff7b207e1a0 000000012011f411
0x00007ff7b207e138:   0000000787bf0540 0000000120121117
0x00007ff7b207e148:   0000600003431ce0 0000000000000000
0x00007ff7b207e158:   fffffffffffffff7 000000016d5455c9
0x00007ff7b207e168:   0000000000000003 000000016d5469b0
0x00007ff7b207e178:   0000000000000000 0000000787bf0540 

Instructions: (pc=0x00007ff81711321d)
0x00007ff81711311d:   90 90 90 90 90 90 90 90 90 90 90 90 90 90 90 90
0x00007ff81711312d:   90 90 90 90 90 90 90 90 90 90 90 90 90 90 90 90
0x00007ff81711313d:   90 90 90 31 c0 31 d2 0f 57 c0 0f 57 c9 c3 90 d9
0x00007ff81711314d:   ee 31 c0 31 d2 0f 57 c0 0f 57 c9 c3 0f 1f 00 d9
0x00007ff81711315d:   ee d9 ee 31 c0 31 d2 0f 57 c0 0f 57 c9 c3 90 48
0x00007ff81711316d:   89 f8 c3 49 89 fa 49 89 f3 45 23 5a 18 49 c1 e3
0x00007ff81711317d:   04 4d 03 5a 10 49 3b 33 75 0e 49 8b 43 08 48 83
0x00007ff81711318d:   f8 00 74 03 4c 31 d0 c3 49 83 3b 01 76 17 49 83
0x00007ff81711319d:   c3 10 49 3b 33 75 f1 49 8b 43 08 48 83 f8 00 74
0x00007ff8171131ad:   03 4c 31 d0 c3 72 25 4d 8b 5b 08 eb 0a 49 83 3b
0x00007ff8171131bd:   01 76 17 49 83 c3 10 49 3b 33 75 f1 49 8b 43 08
0x00007ff8171131cd:   48 83 f8 00 74 03 4c 31 d0 c3 eb 00 31 c0 c3 66
0x00007ff8171131dd:   66 66 66 66 66 2e 0f 1f 84 00 00 00 00 00 66 66
0x00007ff8171131ed:   66 66 66 66 2e 0f 1f 84 00 00 00 00 00 66 0f 1f
0x00007ff8171131fd:   44 00 00 48 85 ff 2e 74 72 40 f6 c7 01 2e 75 76
0x00007ff81711320d:   49 ba f8 ff ff ff ff 7f 00 00 4c 23 17 49 89 f3
0x00007ff81711321d:   45 23 5a 18 49 c1 e3 04 4d 03 5a 10 49 3b 33 75
0x00007ff81711322d:   0a 4d 8b 5b 08 4d 31 d3 41 ff e3 49 83 3b 01 76
0x00007ff81711323d:   13 49 83 c3 10 49 3b 33 75 f1 4d 8b 5b 08 4d 31
0x00007ff81711324d:   d3 41 ff e3 72 70 4d 8b 5b 08 eb 0a 49 83 3b 01
0x00007ff81711325d:   76 13 49 83 c3 10 49 3b 33 75 f1 4d 8b 5b 08 4d
0x00007ff81711326d:   31 d3 41 ff e3 eb 4f 0f 1f 40 00 31 c0 31 d2 0f
0x00007ff81711327d:   57 c0 0f 57 c9 c3 41 89 fb 41 83 e3 0f 4c 8d 15
0x00007ff81711328d:   2f a1 89 41 4f 8b 14 da 4c 8d 1d fc 9f 89 41 4d
0x00007ff81711329d:   39 d3 0f 85 75 ff ff ff 41 89 fb 41 c1 eb 04 41
0x00007ff8171132ad:   81 e3 ff 00 00 00 4c 8d 15 86 a1 89 41 4f 8b 14
0x00007ff8171132bd:   da e9 57 ff ff ff e9 88 0a 00 00 66 66 66 66 66
0x00007ff8171132cd:   66 2e 0f 1f 84 00 00 00 00 00 66 66 66 66 66 66
0x00007ff8171132dd:   2e 0f 1f 84 00 00 00 00 00 66 66 66 66 66 66 2e
0x00007ff8171132ed:   0f 1f 84 00 00 00 00 00 66 66 2e 0f 1f 84 00 00
0x00007ff8171132fd:   00 00 00 48 85 ff 2e 74 6a 40 f6 c7 01 2e 75 6b
0x00007ff81711330d:   49 ba f8 ff ff ff ff 7f 00 00 4c 23 17 49 89 f3 


Stack slot to memory mapping:

stack at sp + 0 slots: 0x000000010ef753c1: -[MTLLayer blitTexture]+0xc1 in /Library/Java/JavaVirtualMachines/jdk-22.jdk/Contents/Home/lib/libawt_lwawt.dylib at 0x000000010ef00000
stack at sp + 1 slots: 0x00007ff7b207dff0 is pointing into the stack for thread: 0x00007fdee982bc00
stack at sp + 2 slots: 0x0000600001f264c0 points into unknown readable memory: 0x0000000000000000 | 00 00 00 00 00 00 00 00
stack at sp + 3 slots: 0x0000000000000001 is an unknown value
stack at sp + 4 slots: 0x0000600002e2c0a0 points into unknown readable memory: 0x0000000000000000 | 00 00 00 00 00 00 00 00
stack at sp + 5 slots: 0x0000000000000006 is an unknown value
stack at sp + 6 slots: 0x0000600001f3d580 points into unknown readable memory: 0x0000600001f264c0 | c0 64 f2 01 00 60 00 00
stack at sp + 7 slots: 0x4f6f72b401000010 is an unknown value


---------------  P R O C E S S  ---------------

Threads class SMR info:
_java_thread_list=0x0000600001f7d9e0, length=16, elements={
0x00007fdeea00b400, 0x00007fdee9815e00, 0x00007fdeea02aa00, 0x00007fdee8009800,
0x00007fdeea028000, 0x00007fdeea028800, 0x00007fdeea029000, 0x00007fdee800a000,
0x00007fdeea05d200, 0x00007fdee800a800, 0x00007fdee982bc00, 0x00007fdee8878800,
0x00007fdee9920c00, 0x00007fdee814e200, 0x00007fdeea0bb000, 0x00007fdee982b400
}

Java Threads: ( => current thread )
  0x00007fdeea00b400 JavaThread "main"                              [_thread_in_native, id=6915, stack(0x000070000682f000,0x000070000692f000) (1024K)]
  0x00007fdee9815e00 JavaThread "Reference Handler"          daemon [_thread_blocked, id=24835, stack(0x000070000714d000,0x000070000724d000) (1024K)]
  0x00007fdeea02aa00 JavaThread "Finalizer"                  daemon [_thread_blocked, id=25347, stack(0x0000700007250000,0x0000700007350000) (1024K)]
  0x00007fdee8009800 JavaThread "Signal Dispatcher"          daemon [_thread_blocked, id=25603, stack(0x0000700007353000,0x0000700007453000) (1024K)]
  0x00007fdeea028000 JavaThread "Service Thread"             daemon [_thread_blocked, id=40707, stack(0x0000700007456000,0x0000700007556000) (1024K)]
  0x00007fdeea028800 JavaThread "Monitor Deflation Thread"   daemon [_thread_blocked, id=40195, stack(0x0000700007559000,0x0000700007659000) (1024K)]
  0x00007fdeea029000 JavaThread "C2 CompilerThread0"         daemon [_thread_blocked, id=25859, stack(0x000070000765c000,0x000070000775c000) (1024K)]
  0x00007fdee800a000 JavaThread "C1 CompilerThread0"         daemon [_thread_blocked, id=26371, stack(0x000070000775f000,0x000070000785f000) (1024K)]
  0x00007fdeea05d200 JavaThread "Notification Thread"        daemon [_thread_blocked, id=39683, stack(0x0000700007862000,0x0000700007962000) (1024K)]
  0x00007fdee800a800 JavaThread "Common-Cleaner"             daemon [_thread_blocked, id=39171, stack(0x0000700007965000,0x0000700007a65000) (1024K)]
=>0x00007fdee982bc00 JavaThread "AppKit Thread"              daemon [_thread_in_native, id=259, stack(0x00007ff7b1884000,0x00007ff7b2084000) (8192K)]
  0x00007fdee8878800 JavaThread "AWT-Shutdown"                      [_thread_blocked, id=44547, stack(0x0000700007b6e000,0x0000700007c6e000) (1024K)]
  0x00007fdee9920c00 JavaThread "Java2D Queue Flusher"       daemon [_thread_blocked, id=56583, stack(0x0000700007dfa000,0x0000700007efa000) (1024K)]
  0x00007fdee814e200 JavaThread "Java2D Disposer"            daemon [_thread_blocked, id=57347, stack(0x0000700007efd000,0x0000700007ffd000) (1024K)]
  0x00007fdeea0bb000 JavaThread "Image Fetcher 0"            daemon [_thread_blocked, id=61455, stack(0x0000700008000000,0x0000700008100000) (1024K)]
  0x00007fdee982b400 JavaThread "AWT-EventQueue-0"                  [_thread_blocked, id=64263, stack(0x0000700008103000,0x0000700008203000) (1024K)]
Total: 16

Other Threads:
  0x00007fdee9107c30 VMThread "VM Thread"                           [id=15619, stack(0x0000700006f44000,0x0000700007044000) (1024K)]
  0x00007fdee7f06200 WatcherThread "VM Periodic Task Thread"        [id=17923, stack(0x0000700006e41000,0x0000700006f41000) (1024K)]
  0x00007fdee9304d80 WorkerThread "GC Thread#0"                     [id=19971, stack(0x0000700006932000,0x0000700006a32000) (1024K)]
  0x00007fdee9305520 ConcurrentGCThread "G1 Main Marker"            [id=12547, stack(0x0000700006a35000,0x0000700006b35000) (1024K)]
  0x00007fdee9104c20 WorkerThread "G1 Conc#0"                       [id=13059, stack(0x0000700006b38000,0x0000700006c38000) (1024K)]
  0x00007fdee8072400 ConcurrentGCThread "G1 Refine#0"               [id=13315, stack(0x0000700006c3b000,0x0000700006d3b000) (1024K)]
  0x00007fdee9105580 ConcurrentGCThread "G1 Service"                [id=18435, stack(0x0000700006d3e000,0x0000700006e3e000) (1024K)]
Total: 7

Threads with active compile tasks:
Total: 0

VM state: not at safepoint (normal execution)

VM Mutex/Monitor currently owned by a thread: None

Heap address: 0x0000000780000000, size: 2048 MB, Compressed Oops mode: Zero based, Oop shift amount: 3

CDS archive(s) mapped at: [0x000000012c000000-0x000000012cc70000-0x000000012cc70000), size 13041664, SharedBaseAddress: 0x000000012c000000, ArchiveRelocationMode: 1.
Compressed class space mapped at: 0x000000012d000000-0x000000016d000000, reserved size: 1073741824
Narrow klass base: 0x000000012c000000, Narrow klass shift: 0, Narrow klass range: 0x100000000

GC Precious Log:
 CardTable entry size: 512
 Card Set container configuration: InlinePtr #cards 5 size 8 Array Of Cards #cards 12 size 40 Howl #buckets 4 coarsen threshold 1843 Howl Bitmap #cards 512 size 80 coarsen threshold 460 Card regions per heap region 1 cards per card region 2048
 CPUs: 4 total, 4 available
 Memory: 8192M
 Large Page Support: Disabled
 NUMA Support: Disabled
 Compressed Oops: Enabled (Zero based)
 Heap Region Size: 1M
 Heap Min Capacity: 8M
 Heap Initial Capacity: 128M
 Heap Max Capacity: 2G
 Pre-touch: Disabled
 Parallel Workers: 4
 Concurrent Workers: 1
 Concurrent Refinement Workers: 4
 Periodic GC: Disabled

Heap:
 garbage-first heap   total reserved 2097152K, committed 133120K, used 7185K [0x0000000780000000, 0x0000000800000000)
  region size 1024K, 7 young (7168K), 0 survivors (0K)
 Metaspace       used 6276K, committed 6464K, reserved 1114112K
  class space    used 722K, committed 832K, reserved 1048576K

Heap Regions: E=young(eden), S=young(survivor), O=old, HS=humongous(starts), HC=humongous(continues), CS=collection set, F=free, TAMS=top-at-mark-start, PB=parsable bottom
|   0|0x0000000780000000, 0x0000000780000000, 0x0000000780100000|  0%| F|  |TAMS 0x0000000780000000| PB 0x0000000780000000| Untracked |  0
|   1|0x0000000780100000, 0x0000000780100000, 0x0000000780200000|  0%| F|  |TAMS 0x0000000780100000| PB 0x0000000780100000| Untracked |  0
|   2|0x0000000780200000, 0x0000000780200000, 0x0000000780300000|  0%| F|  |TAMS 0x0000000780200000| PB 0x0000000780200000| Untracked |  0
|   3|0x0000000780300000, 0x0000000780300000, 0x0000000780400000|  0%| F|  |TAMS 0x0000000780300000| PB 0x0000000780300000| Untracked |  0
|   4|0x0000000780400000, 0x0000000780400000, 0x0000000780500000|  0%| F|  |TAMS 0x0000000780400000| PB 0x0000000780400000| Untracked |  0
|   5|0x0000000780500000, 0x0000000780500000, 0x0000000780600000|  0%| F|  |TAMS 0x0000000780500000| PB 0x0000000780500000| Untracked |  0
|   6|0x0000000780600000, 0x0000000780600000, 0x0000000780700000|  0%| F|  |TAMS 0x0000000780600000| PB 0x0000000780600000| Untracked |  0
|   7|0x0000000780700000, 0x0000000780700000, 0x0000000780800000|  0%| F|  |TAMS 0x0000000780700000| PB 0x0000000780700000| Untracked |  0
|   8|0x0000000780800000, 0x0000000780800000, 0x0000000780900000|  0%| F|  |TAMS 0x0000000780800000| PB 0x0000000780800000| Untracked |  0
|   9|0x0000000780900000, 0x0000000780900000, 0x0000000780a00000|  0%| F|  |TAMS 0x0000000780900000| PB 0x0000000780900000| Untracked |  0
|  10|0x0000000780a00000, 0x0000000780a00000, 0x0000000780b00000|  0%| F|  |TAMS 0x0000000780a00000| PB 0x0000000780a00000| Untracked |  0
|  11|0x0000000780b00000, 0x0000000780b00000, 0x0000000780c00000|  0%| F|  |TAMS 0x0000000780b00000| PB 0x0000000780b00000| Untracked |  0
|  12|0x0000000780c00000, 0x0000000780c00000, 0x0000000780d00000|  0%| F|  |TAMS 0x0000000780c00000| PB 0x0000000780c00000| Untracked |  0
|  13|0x0000000780d00000, 0x0000000780d00000, 0x0000000780e00000|  0%| F|  |TAMS 0x0000000780d00000| PB 0x0000000780d00000| Untracked |  0
|  14|0x0000000780e00000, 0x0000000780e00000, 0x0000000780f00000|  0%| F|  |TAMS 0x0000000780e00000| PB 0x0000000780e00000| Untracked |  0
|  15|0x0000000780f00000, 0x0000000780f00000, 0x0000000781000000|  0%| F|  |TAMS 0x0000000780f00000| PB 0x0000000780f00000| Untracked |  0
|  16|0x0000000781000000, 0x0000000781000000, 0x0000000781100000|  0%| F|  |TAMS 0x0000000781000000| PB 0x0000000781000000| Untracked |  0
|  17|0x0000000781100000, 0x0000000781100000, 0x0000000781200000|  0%| F|  |TAMS 0x0000000781100000| PB 0x0000000781100000| Untracked |  0
|  18|0x0000000781200000, 0x0000000781200000, 0x0000000781300000|  0%| F|  |TAMS 0x0000000781200000| PB 0x0000000781200000| Untracked |  0
|  19|0x0000000781300000, 0x0000000781300000, 0x0000000781400000|  0%| F|  |TAMS 0x0000000781300000| PB 0x0000000781300000| Untracked |  0
|  20|0x0000000781400000, 0x0000000781400000, 0x0000000781500000|  0%| F|  |TAMS 0x0000000781400000| PB 0x0000000781400000| Untracked |  0
|  21|0x0000000781500000, 0x0000000781500000, 0x0000000781600000|  0%| F|  |TAMS 0x0000000781500000| PB 0x0000000781500000| Untracked |  0
|  22|0x0000000781600000, 0x0000000781600000, 0x0000000781700000|  0%| F|  |TAMS 0x0000000781600000| PB 0x0000000781600000| Untracked |  0
|  23|0x0000000781700000, 0x0000000781700000, 0x0000000781800000|  0%| F|  |TAMS 0x0000000781700000| PB 0x0000000781700000| Untracked |  0
|  24|0x0000000781800000, 0x0000000781800000, 0x0000000781900000|  0%| F|  |TAMS 0x0000000781800000| PB 0x0000000781800000| Untracked |  0
|  25|0x0000000781900000, 0x0000000781900000, 0x0000000781a00000|  0%| F|  |TAMS 0x0000000781900000| PB 0x0000000781900000| Untracked |  0
|  26|0x0000000781a00000, 0x0000000781a00000, 0x0000000781b00000|  0%| F|  |TAMS 0x0000000781a00000| PB 0x0000000781a00000| Untracked |  0
|  27|0x0000000781b00000, 0x0000000781b00000, 0x0000000781c00000|  0%| F|  |TAMS 0x0000000781b00000| PB 0x0000000781b00000| Untracked |  0
|  28|0x0000000781c00000, 0x0000000781c00000, 0x0000000781d00000|  0%| F|  |TAMS 0x0000000781c00000| PB 0x0000000781c00000| Untracked |  0
|  29|0x0000000781d00000, 0x0000000781d00000, 0x0000000781e00000|  0%| F|  |TAMS 0x0000000781d00000| PB 0x0000000781d00000| Untracked |  0
|  30|0x0000000781e00000, 0x0000000781e00000, 0x0000000781f00000|  0%| F|  |TAMS 0x0000000781e00000| PB 0x0000000781e00000| Untracked |  0
|  31|0x0000000781f00000, 0x0000000781f00000, 0x0000000782000000|  0%| F|  |TAMS 0x0000000781f00000| PB 0x0000000781f00000| Untracked |  0
|  32|0x0000000782000000, 0x0000000782000000, 0x0000000782100000|  0%| F|  |TAMS 0x0000000782000000| PB 0x0000000782000000| Untracked |  0
|  33|0x0000000782100000, 0x0000000782100000, 0x0000000782200000|  0%| F|  |TAMS 0x0000000782100000| PB 0x0000000782100000| Untracked |  0
|  34|0x0000000782200000, 0x0000000782200000, 0x0000000782300000|  0%| F|  |TAMS 0x0000000782200000| PB 0x0000000782200000| Untracked |  0
|  35|0x0000000782300000, 0x0000000782300000, 0x0000000782400000|  0%| F|  |TAMS 0x0000000782300000| PB 0x0000000782300000| Untracked |  0
|  36|0x0000000782400000, 0x0000000782400000, 0x0000000782500000|  0%| F|  |TAMS 0x0000000782400000| PB 0x0000000782400000| Untracked |  0
|  37|0x0000000782500000, 0x0000000782500000, 0x0000000782600000|  0%| F|  |TAMS 0x0000000782500000| PB 0x0000000782500000| Untracked |  0
|  38|0x0000000782600000, 0x0000000782600000, 0x0000000782700000|  0%| F|  |TAMS 0x0000000782600000| PB 0x0000000782600000| Untracked |  0
|  39|0x0000000782700000, 0x0000000782700000, 0x0000000782800000|  0%| F|  |TAMS 0x0000000782700000| PB 0x0000000782700000| Untracked |  0
|  40|0x0000000782800000, 0x0000000782800000, 0x0000000782900000|  0%| F|  |TAMS 0x0000000782800000| PB 0x0000000782800000| Untracked |  0
|  41|0x0000000782900000, 0x0000000782900000, 0x0000000782a00000|  0%| F|  |TAMS 0x0000000782900000| PB 0x0000000782900000| Untracked |  0
|  42|0x0000000782a00000, 0x0000000782a00000, 0x0000000782b00000|  0%| F|  |TAMS 0x0000000782a00000| PB 0x0000000782a00000| Untracked |  0
|  43|0x0000000782b00000, 0x0000000782b00000, 0x0000000782c00000|  0%| F|  |TAMS 0x0000000782b00000| PB 0x0000000782b00000| Untracked |  0
|  44|0x0000000782c00000, 0x0000000782c00000, 0x0000000782d00000|  0%| F|  |TAMS 0x0000000782c00000| PB 0x0000000782c00000| Untracked |  0
|  45|0x0000000782d00000, 0x0000000782d00000, 0x0000000782e00000|  0%| F|  |TAMS 0x0000000782d00000| PB 0x0000000782d00000| Untracked |  0
|  46|0x0000000782e00000, 0x0000000782e00000, 0x0000000782f00000|  0%| F|  |TAMS 0x0000000782e00000| PB 0x0000000782e00000| Untracked |  0
|  47|0x0000000782f00000, 0x0000000782f00000, 0x0000000783000000|  0%| F|  |TAMS 0x0000000782f00000| PB 0x0000000782f00000| Untracked |  0
|  48|0x0000000783000000, 0x0000000783000000, 0x0000000783100000|  0%| F|  |TAMS 0x0000000783000000| PB 0x0000000783000000| Untracked |  0
|  49|0x0000000783100000, 0x0000000783100000, 0x0000000783200000|  0%| F|  |TAMS 0x0000000783100000| PB 0x0000000783100000| Untracked |  0
|  50|0x0000000783200000, 0x0000000783200000, 0x0000000783300000|  0%| F|  |TAMS 0x0000000783200000| PB 0x0000000783200000| Untracked |  0
|  51|0x0000000783300000, 0x0000000783300000, 0x0000000783400000|  0%| F|  |TAMS 0x0000000783300000| PB 0x0000000783300000| Untracked |  0
|  52|0x0000000783400000, 0x0000000783400000, 0x0000000783500000|  0%| F|  |TAMS 0x0000000783400000| PB 0x0000000783400000| Untracked |  0
|  53|0x0000000783500000, 0x0000000783500000, 0x0000000783600000|  0%| F|  |TAMS 0x0000000783500000| PB 0x0000000783500000| Untracked |  0
|  54|0x0000000783600000, 0x0000000783600000, 0x0000000783700000|  0%| F|  |TAMS 0x0000000783600000| PB 0x0000000783600000| Untracked |  0
|  55|0x0000000783700000, 0x0000000783700000, 0x0000000783800000|  0%| F|  |TAMS 0x0000000783700000| PB 0x0000000783700000| Untracked |  0
|  56|0x0000000783800000, 0x0000000783800000, 0x0000000783900000|  0%| F|  |TAMS 0x0000000783800000| PB 0x0000000783800000| Untracked |  0
|  57|0x0000000783900000, 0x0000000783900000, 0x0000000783a00000|  0%| F|  |TAMS 0x0000000783900000| PB 0x0000000783900000| Untracked |  0
|  58|0x0000000783a00000, 0x0000000783a00000, 0x0000000783b00000|  0%| F|  |TAMS 0x0000000783a00000| PB 0x0000000783a00000| Untracked |  0
|  59|0x0000000783b00000, 0x0000000783b00000, 0x0000000783c00000|  0%| F|  |TAMS 0x0000000783b00000| PB 0x0000000783b00000| Untracked |  0
|  60|0x0000000783c00000, 0x0000000783c00000, 0x0000000783d00000|  0%| F|  |TAMS 0x0000000783c00000| PB 0x0000000783c00000| Untracked |  0
|  61|0x0000000783d00000, 0x0000000783d00000, 0x0000000783e00000|  0%| F|  |TAMS 0x0000000783d00000| PB 0x0000000783d00000| Untracked |  0
|  62|0x0000000783e00000, 0x0000000783e00000, 0x0000000783f00000|  0%| F|  |TAMS 0x0000000783e00000| PB 0x0000000783e00000| Untracked |  0
|  63|0x0000000783f00000, 0x0000000783f00000, 0x0000000784000000|  0%| F|  |TAMS 0x0000000783f00000| PB 0x0000000783f00000| Untracked |  0
|  64|0x0000000784000000, 0x0000000784000000, 0x0000000784100000|  0%| F|  |TAMS 0x0000000784000000| PB 0x0000000784000000| Untracked |  0
|  65|0x0000000784100000, 0x0000000784100000, 0x0000000784200000|  0%| F|  |TAMS 0x0000000784100000| PB 0x0000000784100000| Untracked |  0
|  66|0x0000000784200000, 0x0000000784200000, 0x0000000784300000|  0%| F|  |TAMS 0x0000000784200000| PB 0x0000000784200000| Untracked |  0
|  67|0x0000000784300000, 0x0000000784300000, 0x0000000784400000|  0%| F|  |TAMS 0x0000000784300000| PB 0x0000000784300000| Untracked |  0
|  68|0x0000000784400000, 0x0000000784400000, 0x0000000784500000|  0%| F|  |TAMS 0x0000000784400000| PB 0x0000000784400000| Untracked |  0
|  69|0x0000000784500000, 0x0000000784500000, 0x0000000784600000|  0%| F|  |TAMS 0x0000000784500000| PB 0x0000000784500000| Untracked |  0
|  70|0x0000000784600000, 0x0000000784600000, 0x0000000784700000|  0%| F|  |TAMS 0x0000000784600000| PB 0x0000000784600000| Untracked |  0
|  71|0x0000000784700000, 0x0000000784700000, 0x0000000784800000|  0%| F|  |TAMS 0x0000000784700000| PB 0x0000000784700000| Untracked |  0
|  72|0x0000000784800000, 0x0000000784800000, 0x0000000784900000|  0%| F|  |TAMS 0x0000000784800000| PB 0x0000000784800000| Untracked |  0
|  73|0x0000000784900000, 0x0000000784900000, 0x0000000784a00000|  0%| F|  |TAMS 0x0000000784900000| PB 0x0000000784900000| Untracked |  0
|  74|0x0000000784a00000, 0x0000000784a00000, 0x0000000784b00000|  0%| F|  |TAMS 0x0000000784a00000| PB 0x0000000784a00000| Untracked |  0
|  75|0x0000000784b00000, 0x0000000784b00000, 0x0000000784c00000|  0%| F|  |TAMS 0x0000000784b00000| PB 0x0000000784b00000| Untracked |  0
|  76|0x0000000784c00000, 0x0000000784c00000, 0x0000000784d00000|  0%| F|  |TAMS 0x0000000784c00000| PB 0x0000000784c00000| Untracked |  0
|  77|0x0000000784d00000, 0x0000000784d00000, 0x0000000784e00000|  0%| F|  |TAMS 0x0000000784d00000| PB 0x0000000784d00000| Untracked |  0
|  78|0x0000000784e00000, 0x0000000784e00000, 0x0000000784f00000|  0%| F|  |TAMS 0x0000000784e00000| PB 0x0000000784e00000| Untracked |  0
|  79|0x0000000784f00000, 0x0000000784f00000, 0x0000000785000000|  0%| F|  |TAMS 0x0000000784f00000| PB 0x0000000784f00000| Untracked |  0
|  80|0x0000000785000000, 0x0000000785000000, 0x0000000785100000|  0%| F|  |TAMS 0x0000000785000000| PB 0x0000000785000000| Untracked |  0
|  81|0x0000000785100000, 0x0000000785100000, 0x0000000785200000|  0%| F|  |TAMS 0x0000000785100000| PB 0x0000000785100000| Untracked |  0
|  82|0x0000000785200000, 0x0000000785200000, 0x0000000785300000|  0%| F|  |TAMS 0x0000000785200000| PB 0x0000000785200000| Untracked |  0
|  83|0x0000000785300000, 0x0000000785300000, 0x0000000785400000|  0%| F|  |TAMS 0x0000000785300000| PB 0x0000000785300000| Untracked |  0
|  84|0x0000000785400000, 0x0000000785400000, 0x0000000785500000|  0%| F|  |TAMS 0x0000000785400000| PB 0x0000000785400000| Untracked |  0
|  85|0x0000000785500000, 0x0000000785500000, 0x0000000785600000|  0%| F|  |TAMS 0x0000000785500000| PB 0x0000000785500000| Untracked |  0
|  86|0x0000000785600000, 0x0000000785600000, 0x0000000785700000|  0%| F|  |TAMS 0x0000000785600000| PB 0x0000000785600000| Untracked |  0
|  87|0x0000000785700000, 0x0000000785700000, 0x0000000785800000|  0%| F|  |TAMS 0x0000000785700000| PB 0x0000000785700000| Untracked |  0
|  88|0x0000000785800000, 0x0000000785800000, 0x0000000785900000|  0%| F|  |TAMS 0x0000000785800000| PB 0x0000000785800000| Untracked |  0
|  89|0x0000000785900000, 0x0000000785900000, 0x0000000785a00000|  0%| F|  |TAMS 0x0000000785900000| PB 0x0000000785900000| Untracked |  0
|  90|0x0000000785a00000, 0x0000000785a00000, 0x0000000785b00000|  0%| F|  |TAMS 0x0000000785a00000| PB 0x0000000785a00000| Untracked |  0
|  91|0x0000000785b00000, 0x0000000785b00000, 0x0000000785c00000|  0%| F|  |TAMS 0x0000000785b00000| PB 0x0000000785b00000| Untracked |  0
|  92|0x0000000785c00000, 0x0000000785c00000, 0x0000000785d00000|  0%| F|  |TAMS 0x0000000785c00000| PB 0x0000000785c00000| Untracked |  0
|  93|0x0000000785d00000, 0x0000000785d00000, 0x0000000785e00000|  0%| F|  |TAMS 0x0000000785d00000| PB 0x0000000785d00000| Untracked |  0
|  94|0x0000000785e00000, 0x0000000785e00000, 0x0000000785f00000|  0%| F|  |TAMS 0x0000000785e00000| PB 0x0000000785e00000| Untracked |  0
|  95|0x0000000785f00000, 0x0000000785f00000, 0x0000000786000000|  0%| F|  |TAMS 0x0000000785f00000| PB 0x0000000785f00000| Untracked |  0
|  96|0x0000000786000000, 0x0000000786000000, 0x0000000786100000|  0%| F|  |TAMS 0x0000000786000000| PB 0x0000000786000000| Untracked |  0
|  97|0x0000000786100000, 0x0000000786100000, 0x0000000786200000|  0%| F|  |TAMS 0x0000000786100000| PB 0x0000000786100000| Untracked |  0
|  98|0x0000000786200000, 0x0000000786200000, 0x0000000786300000|  0%| F|  |TAMS 0x0000000786200000| PB 0x0000000786200000| Untracked |  0
|  99|0x0000000786300000, 0x0000000786300000, 0x0000000786400000|  0%| F|  |TAMS 0x0000000786300000| PB 0x0000000786300000| Untracked |  0
| 100|0x0000000786400000, 0x0000000786400000, 0x0000000786500000|  0%| F|  |TAMS 0x0000000786400000| PB 0x0000000786400000| Untracked |  0
| 101|0x0000000786500000, 0x0000000786500000, 0x0000000786600000|  0%| F|  |TAMS 0x0000000786500000| PB 0x0000000786500000| Untracked |  0
| 102|0x0000000786600000, 0x0000000786600000, 0x0000000786700000|  0%| F|  |TAMS 0x0000000786600000| PB 0x0000000786600000| Untracked |  0
| 103|0x0000000786700000, 0x0000000786700000, 0x0000000786800000|  0%| F|  |TAMS 0x0000000786700000| PB 0x0000000786700000| Untracked |  0
| 104|0x0000000786800000, 0x0000000786800000, 0x0000000786900000|  0%| F|  |TAMS 0x0000000786800000| PB 0x0000000786800000| Untracked |  0
| 105|0x0000000786900000, 0x0000000786900000, 0x0000000786a00000|  0%| F|  |TAMS 0x0000000786900000| PB 0x0000000786900000| Untracked |  0
| 106|0x0000000786a00000, 0x0000000786a00000, 0x0000000786b00000|  0%| F|  |TAMS 0x0000000786a00000| PB 0x0000000786a00000| Untracked |  0
| 107|0x0000000786b00000, 0x0000000786b00000, 0x0000000786c00000|  0%| F|  |TAMS 0x0000000786b00000| PB 0x0000000786b00000| Untracked |  0
| 108|0x0000000786c00000, 0x0000000786c00000, 0x0000000786d00000|  0%| F|  |TAMS 0x0000000786c00000| PB 0x0000000786c00000| Untracked |  0
| 109|0x0000000786d00000, 0x0000000786d00000, 0x0000000786e00000|  0%| F|  |TAMS 0x0000000786d00000| PB 0x0000000786d00000| Untracked |  0
| 110|0x0000000786e00000, 0x0000000786e00000, 0x0000000786f00000|  0%| F|  |TAMS 0x0000000786e00000| PB 0x0000000786e00000| Untracked |  0
| 111|0x0000000786f00000, 0x0000000786f00000, 0x0000000787000000|  0%| F|  |TAMS 0x0000000786f00000| PB 0x0000000786f00000| Untracked |  0
| 112|0x0000000787000000, 0x0000000787000000, 0x0000000787100000|  0%| F|  |TAMS 0x0000000787000000| PB 0x0000000787000000| Untracked |  0
| 113|0x0000000787100000, 0x0000000787100000, 0x0000000787200000|  0%| F|  |TAMS 0x0000000787100000| PB 0x0000000787100000| Untracked |  0
| 114|0x0000000787200000, 0x0000000787200000, 0x0000000787300000|  0%| F|  |TAMS 0x0000000787200000| PB 0x0000000787200000| Untracked |  0
| 115|0x0000000787300000, 0x0000000787300000, 0x0000000787400000|  0%| F|  |TAMS 0x0000000787300000| PB 0x0000000787300000| Untracked |  0
| 116|0x0000000787400000, 0x0000000787400000, 0x0000000787500000|  0%| F|  |TAMS 0x0000000787400000| PB 0x0000000787400000| Untracked |  0
| 117|0x0000000787500000, 0x0000000787500000, 0x0000000787600000|  0%| F|  |TAMS 0x0000000787500000| PB 0x0000000787500000| Untracked |  0
| 118|0x0000000787600000, 0x0000000787600000, 0x0000000787700000|  0%| F|  |TAMS 0x0000000787600000| PB 0x0000000787600000| Untracked |  0
| 119|0x0000000787700000, 0x0000000787700000, 0x0000000787800000|  0%| F|  |TAMS 0x0000000787700000| PB 0x0000000787700000| Untracked |  0
| 120|0x0000000787800000, 0x0000000787800000, 0x0000000787900000|  0%| F|  |TAMS 0x0000000787800000| PB 0x0000000787800000| Untracked |  0
| 121|0x0000000787900000, 0x0000000787a00000, 0x0000000787a00000|100%| E|  |TAMS 0x0000000787900000| PB 0x0000000787900000| Complete |  0
| 122|0x0000000787a00000, 0x0000000787b00000, 0x0000000787b00000|100%| E|CS|TAMS 0x0000000787a00000| PB 0x0000000787a00000| Complete |  0
| 123|0x0000000787b00000, 0x0000000787c00000, 0x0000000787c00000|100%| E|CS|TAMS 0x0000000787b00000| PB 0x0000000787b00000| Complete |  0
| 124|0x0000000787c00000, 0x0000000787d00000, 0x0000000787d00000|100%| E|CS|TAMS 0x0000000787c00000| PB 0x0000000787c00000| Complete |  0
| 125|0x0000000787d00000, 0x0000000787e00000, 0x0000000787e00000|100%| E|CS|TAMS 0x0000000787d00000| PB 0x0000000787d00000| Complete |  0
| 126|0x0000000787e00000, 0x0000000787f00000, 0x0000000787f00000|100%| E|CS|TAMS 0x0000000787e00000| PB 0x0000000787e00000| Complete |  0
| 127|0x0000000787f00000, 0x0000000788000000, 0x0000000788000000|100%| E|CS|TAMS 0x0000000787f00000| PB 0x0000000787f00000| Complete |  0
|2046|0x00000007ffe00000, 0x00000007fff00000, 0x00000007fff00000|100%| O|  |TAMS 0x00000007ffe00000| PB 0x00000007ffe00000| Untracked |  0
|2047|0x00000007fff00000, 0x00000007fff04608, 0x0000000800000000|  1%| O|  |TAMS 0x00000007fff00000| PB 0x00000007fff00000| Untracked |  0

Card table byte_map: [0x000000010e66c000,0x000000010ea6c000] _byte_map_base: 0x000000010aa6c000

Marking Bits: (CMBitMap*) 0x00007fdee801a210
 Bits: [0x0000000127be0000, 0x0000000129be0000)

Polling page: 0x000000010dfa7000

Metaspace:

Usage:
  Non-class:      5.42 MB used.
      Class:    722.32 KB used.
       Both:      6.13 MB used.

Virtual space:
  Non-class space:       64.00 MB reserved,       5.50 MB (  9%) committed,  1 nodes.
      Class space:        1.00 GB reserved,     832.00 KB ( <1%) committed,  1 nodes.
             Both:        1.06 GB reserved,       6.31 MB ( <1%) committed. 

Chunk freelists:
   Non-Class:  10.26 MB
       Class:  15.22 MB
        Both:  25.48 MB

MaxMetaspaceSize: unlimited
CompressedClassSpaceSize: 1.00 GB
Initial GC threshold: 21.00 MB
Current GC threshold: 21.00 MB
CDS: on
 - commit_granule_bytes: 65536.
 - commit_granule_words: 8192.
 - virtual_space_node_default_size: 8388608.
 - enlarge_chunks_in_place: 1.
 - use_allocation_guard: 0.


Internal statistics:

num_allocs_failed_limit: 0.
num_arena_births: 174.
num_arena_deaths: 0.
num_vsnodes_births: 2.
num_vsnodes_deaths: 0.
num_space_committed: 101.
num_space_uncommitted: 0.
num_chunks_returned_to_freelist: 0.
num_chunks_taken_from_freelist: 207.
num_chunk_merges: 0.
num_chunk_splits: 132.
num_chunks_enlarged: 69.
num_inconsistent_stats: 0.

CodeHeap 'non-profiled nmethods': size=120032Kb used=181Kb max_used=181Kb free=119850Kb
 bounds [0x00000001206a8000, 0x0000000120918000, 0x0000000127be0000]
CodeHeap 'profiled nmethods': size=120028Kb used=921Kb max_used=921Kb free=119106Kb
 bounds [0x0000000118be0000, 0x0000000118e50000, 0x0000000120117000]
CodeHeap 'non-nmethods': size=5700Kb used=1528Kb max_used=1542Kb free=4171Kb
 bounds [0x0000000120117000, 0x0000000120387000, 0x00000001206a8000]
 total_blobs=1257 nmethods=639 adapters=524
 compilation: enabled
              stopped_count=0, restarted_count=0
 full_count=0

Compilation events (20 events):
Event: 3.084 Thread 0x00007fdee800a000  627       1       sun.java2d.loops.CompositeType::getUniqueID (5 bytes)
Event: 3.085 Thread 0x00007fdee800a000 nmethod 627 0x00000001206d3a90 code [0x00000001206d3c20, 0x00000001206d3ce0]
Event: 3.085 Thread 0x00007fdee800a000  628  s    3       sun.java2d.loops.GraphicsPrimitive::makeUniqueID (26 bytes)
Event: 3.087 Thread 0x00007fdee800a000 nmethod 628 0x0000000118cc4790 code [0x0000000118cc4920, 0x0000000118cc4b48]
Event: 3.087 Thread 0x00007fdee800a000  629       3       sun.java2d.loops.GraphicsPrimitive::<init> (75 bytes)
Event: 3.088 Thread 0x00007fdee800a000 nmethod 629 0x0000000118cc4c90 code [0x0000000118cc4e60, 0x0000000118cc5408]
Event: 3.110 Thread 0x00007fdee800a000  631       3       java.lang.StringBuilder::append (8 bytes)
Event: 3.110 Thread 0x00007fdeea029000  633       4       jdk.internal.org.objectweb.asm.SymbolTable::put (150 bytes)
Event: 3.111 Thread 0x00007fdee800a000 nmethod 631 0x0000000118cc5610 code [0x0000000118cc57a0, 0x0000000118cc58e8]
Event: 3.111 Thread 0x00007fdee800a000  632       3       java.lang.AbstractStringBuilder::append (55 bytes)
Event: 3.111 Thread 0x00007fdee800a000 nmethod 632 0x0000000118cc5990 code [0x0000000118cc5b60, 0x0000000118cc5e90]
Event: 3.126 Thread 0x00007fdeea029000 nmethod 633 0x00000001206d4090 code [0x00000001206d4220, 0x00000001206d45a8]
Event: 3.126 Thread 0x00007fdee800a000  634       1       sun.lwawt.LWComponentPeer::getStateLock (5 bytes)
Event: 3.127 Thread 0x00007fdee800a000 nmethod 634 0x00000001206d4710 code [0x00000001206d48a0, 0x00000001206d4968]
Event: 3.139 Thread 0x00007fdeea029000  635       4       java.util.concurrent.ConcurrentHashMap::casTabAt (21 bytes)
Event: 3.141 Thread 0x00007fdeea029000 nmethod 635 0x00000001206d5090 code [0x00000001206d5200, 0x00000001206d5358]
Event: 3.141 Thread 0x00007fdeea029000  636       4       jdk.internal.misc.Unsafe::putReferenceRelease (9 bytes)
Event: 3.143 Thread 0x00007fdeea029000 nmethod 636 0x00000001206d5410 code [0x00000001206d5580, 0x00000001206d56e8]
Event: 3.144 Thread 0x00007fdee800a000  639       3       java.lang.invoke.LambdaFormEditor$Transform::equals (32 bytes)
Event: 3.144 Thread 0x00007fdee800a000 nmethod 639 0x0000000118cc6010 code [0x0000000118cc61c0, 0x0000000118cc6398]

GC Heap History (0 events):
No events

Dll operation events (8 events):
Event: 0.033 Loaded shared library /Library/Java/JavaVirtualMachines/jdk-22.jdk/Contents/Home/lib/libjava.dylib
Event: 0.373 Loaded shared library /Library/Java/JavaVirtualMachines/jdk-22.jdk/Contents/Home/lib/libnio.dylib
Event: 0.406 Loaded shared library /Library/Java/JavaVirtualMachines/jdk-22.jdk/Contents/Home/lib/libzip.dylib
Event: 0.868 Loaded shared library /Library/Java/JavaVirtualMachines/jdk-22.jdk/Contents/Home/lib/libjimage.dylib
Event: 1.492 Loaded shared library /Library/Java/JavaVirtualMachines/jdk-22.jdk/Contents/Home/lib/libawt.dylib
Event: 1.502 Loaded shared library /Library/Java/JavaVirtualMachines/jdk-22.jdk/Contents/Home/lib/libawt_lwawt.dylib
Event: 1.674 Loaded shared library /Library/Java/JavaVirtualMachines/jdk-22.jdk/Contents/Home/lib/libfontmanager.dylib
Event: 2.413 Loaded shared library /Library/Java/JavaVirtualMachines/jdk-22.jdk/Contents/Home/lib/libosxui.dylib

Deoptimization events (0 events):
No events

Classes loaded (20 events):
Event: 3.088 Loading class sun/java2d/metal/MTLSurfaceData$MTLLayerSurfaceData
Event: 3.088 Loading class sun/java2d/metal/MTLSurfaceData$MTLLayerSurfaceData done
Event: 3.088 Loading class sun/java2d/SurfaceDataProxy
Event: 3.088 Loading class sun/awt/image/SurfaceManager$FlushableCacheData
Event: 3.088 Loading class sun/awt/image/SurfaceManager$FlushableCacheData done
Event: 3.088 Loading class sun/java2d/SurfaceDataProxy done
Event: 3.088 Loading class sun/java2d/SurfaceDataProxy$1
Event: 3.089 Loading class sun/java2d/SurfaceDataProxy$1 done
Event: 3.089 Loading class sun/java2d/StateTracker
Event: 3.089 Loading class sun/java2d/StateTracker done
Event: 3.089 Loading class sun/java2d/StateTracker$1
Event: 3.089 Loading class sun/java2d/StateTracker$1 done
Event: 3.089 Loading class sun/java2d/StateTracker$2
Event: 3.089 Loading class sun/java2d/StateTracker$2 done
Event: 3.090 Loading class sun/java2d/DefaultDisposerRecord
Event: 3.090 Loading class sun/java2d/DefaultDisposerRecord done
Event: 3.090 Loading class sun/java2d/metal/MTLSurfaceData$1
Event: 3.090 Loading class sun/java2d/metal/MTLSurfaceData$1 done
Event: 3.105 Loading class sun/java2d/pipe/BufferedPaints
Event: 3.105 Loading class sun/java2d/pipe/BufferedPaints done

Classes unloaded (0 events):
No events

Classes redefined (0 events):
No events

Internal exceptions (20 events):
Event: 1.528 Thread 0x00007fdeea00b400 Exception <a 'java/io/FileNotFoundException'{0x0000000787d56fd0}> (0x0000000787d56fd0) 
thrown [open/src/hotspot/share/prims/jni.cpp, line 520]
Event: 1.567 Thread 0x00007fdeea00b400 Exception <a 'java/io/FileNotFoundException'{0x0000000787d85070}> (0x0000000787d85070) 
thrown [open/src/hotspot/share/prims/jni.cpp, line 520]
Event: 1.651 Thread 0x00007fdeea00b400 Exception <a 'java/lang/ClassNotFoundException'{0x0000000787dba238}: sun/awt/resources/spi/awtosxProvider> (0x0000000787dba238) 
thrown [open/src/hotspot/share/classfile/systemDictionary.cpp, line 313]
Event: 2.408 Thread 0x00007fdeea00b400 Exception <a 'java/lang/NoSuchMethodError'{0x0000000787c6cd60}: 'void java.lang.invoke.DirectMethodHandle$Holder.invokeSpecial(java.lang.Object, java.lang.Object, java.lang.Object)'> (0x0000000787c6cd60) 
thrown [open/src/hotspot/share/interpreter/linkResolver.cpp, line 774]
Event: 2.430 Thread 0x00007fdeea00b400 Exception <a 'java/lang/NoSuchMethodError'{0x0000000787c833b0}: 'void java.lang.invoke.DirectMethodHandle$Holder.invokeStaticInit(java.lang.Object)'> (0x0000000787c833b0) 
thrown [open/src/hotspot/share/interpreter/linkResolver.cpp, line 774]
Event: 2.494 Thread 0x00007fdeea00b400 Exception <a 'java/lang/NoSuchMethodError'{0x0000000787ceeac8}: 'java.lang.Object java.lang.invoke.DirectMethodHandle$Holder.newInvokeSpecial(java.lang.Object, java.lang.Object, java.lang.Object, java.lang.Object, java.lang.Object)'> (0x0000000787ceeac8) 
thrown [open/src/hotspot/share/interpreter/linkResolver.cpp, line 774]
Event: 2.549 Thread 0x00007fdeea00b400 Exception <a 'java/lang/NoSuchMethodError'{0x0000000787b1b550}: 'java.lang.Object java.lang.invoke.DirectMethodHandle$Holder.invokeStatic(java.lang.Object, int, java.lang.Object)'> (0x0000000787b1b550) 
thrown [open/src/hotspot/share/interpreter/linkResolver.cpp, line 774]
Event: 2.648 Thread 0x00007fdeea00b400 Exception <a 'java/lang/ClassNotFoundException'{0x0000000787b48208}: com/apple/laf/resources/spi/aquaProvider> (0x0000000787b48208) 
thrown [open/src/hotspot/share/classfile/systemDictionary.cpp, line 313]
Event: 2.731 Thread 0x00007fdeea00b400 Exception <a 'java/lang/ClassNotFoundException'{0x0000000787bad3e0}: com/sun/swing/internal/plaf/basic/resources/spi/basicProvider> (0x0000000787bad3e0) 
thrown [open/src/hotspot/share/classfile/systemDictionary.cpp, line 313]
Event: 2.755 Thread 0x00007fdeea00b400 Exception <a 'java/lang/NoSuchMethodError'{0x0000000787bcd670}: 'int java.lang.invoke.Invokers$Holder.invokeExact_MT(java.lang.Object, java.lang.Object)'> (0x0000000787bcd670) 
thrown [open/src/hotspot/share/interpreter/linkResolver.cpp, line 774]
Event: 2.774 Thread 0x00007fdeea0bb000 Exception <a 'java/lang/NoSuchMethodError'{0x0000000787a124d0}: 'java.lang.Object java.lang.invoke.DirectMethodHandle$Holder.newInvokeSpecial(java.lang.Object, java.lang.Object, java.lang.Object, int, int, int, int, int)'> (0x0000000787a124d0) 
thrown [open/src/hotspot/share/interpreter/linkResolver.cpp, line 774]
Event: 2.850 Thread 0x00007fdeea00b400 Exception <a 'java/lang/NoSuchMethodError'{0x0000000787bece60}: 'void java.lang.invoke.Invokers$Holder.invokeExact_MT(java.lang.Object, java.lang.Object, java.lang.Object, java.lang.Object)'> (0x0000000787bece60) 
thrown [open/src/hotspot/share/interpreter/linkResolver.cpp, line 774]
Event: 2.867 Thread 0x00007fdeea00b400 Exception <a 'java/lang/NoSuchMethodError'{0x0000000787bfcf58}: 'java.lang.Object java.lang.invoke.DirectMethodHandle$Holder.newInvokeSpecial(java.lang.Object, java.lang.Object, java.lang.Object, int, java.lang.Object)'> (0x0000000787bfcf58) 
thrown [open/src/hotspot/share/interpreter/linkResolver.cpp, line 774]
Event: 2.867 Thread 0x00007fdeea00b400 Exception <a 'java/lang/NoSuchMethodError'{0x000000078794c9d0}: 'java.lang.Object java.lang.invoke.Invokers$Holder.linkToTargetMethod(java.lang.Object, java.lang.Object, int, java.lang.Object, java.lang.Object)'> (0x000000078794c9d0) 
thrown [open/src/hotspot/share/interpreter/linkResolver.cpp, line 774]
Event: 2.945 Thread 0x00007fdeea00b400 Exception <a 'java/lang/NoSuchMethodError'{0x0000000787950bc0}: 'void java.lang.invoke.DirectMethodHandle$Holder.invokeStatic(java.lang.Object, int, long)'> (0x0000000787950bc0) 
thrown [open/src/hotspot/share/interpreter/linkResolver.cpp, line 774]
Event: 2.968 Thread 0x00007fdee982b400 Exception <a 'java/lang/NoSuchMethodError'{0x0000000787990db8}: 'void java.lang.invoke.DirectMethodHandle$Holder.invokeStatic(java.lang.Object, long)'> (0x0000000787990db8) 
thrown [open/src/hotspot/share/interpreter/linkResolver.cpp, line 774]
Event: 3.038 Thread 0x00007fdeea00b400 Exception <a 'java/lang/NoSuchMethodError'{0x0000000787972190}: 'java.lang.Object java.lang.invoke.Invokers$Holder.linkToTargetMethod(int, int, int, int, java.lang.Object)'> (0x0000000787972190) 
thrown [open/src/hotspot/share/interpreter/linkResolver.cpp, line 774]
Event: 3.046 Thread 0x00007fdee982bc00 Exception <a 'java/lang/NoSuchMethodError'{0x0000000787de08f0}: 'void java.lang.invoke.DirectMethodHandle$Holder.invokeStatic(java.lang.Object, java.lang.Object, long)'> (0x0000000787de08f0) 
thrown [open/src/hotspot/share/interpreter/linkResolver.cpp, line 774]
Event: 3.067 Thread 0x00007fdeea00b400 Exception <a 'java/lang/NoSuchMethodError'{0x00000007879758f0}: 'void java.lang.invoke.DirectMethodHandle$Holder.invokeStatic(java.lang.Object, java.lang.Object, long)'> (0x00000007879758f0) 
thrown [open/src/hotspot/share/interpreter/linkResolver.cpp, line 774]
Event: 3.098 Thread 0x00007fdee982bc00 Exception <a 'java/lang/NoSuchMethodError'{0x00000007879ef0a8}: 'void java.lang.invoke.DirectMethodHandle$Holder.invokeSpecial(java.lang.Object, java.lang.Object, long)'> (0x00000007879ef0a8) 
thrown [open/src/hotspot/share/interpreter/linkResolver.cpp, line 774]

ZGC Phase Switch (0 events):
No events

VM Operations (8 events):
Event: 1.291 Executing VM operation: Cleanup
Event: 1.305 Executing VM operation: Cleanup done
Event: 1.594 Executing VM operation: HandshakeAllThreads (Deoptimize)
Event: 1.594 Executing VM operation: HandshakeAllThreads (Deoptimize) done
Event: 1.646 Executing VM operation: HandshakeAllThreads (Deoptimize)
Event: 1.646 Executing VM operation: HandshakeAllThreads (Deoptimize) done
Event: 2.650 Executing VM operation: Cleanup
Event: 2.650 Executing VM operation: Cleanup done

Events (20 events):
Event: 0.331 Thread 0x00007fdeea029000 Thread added: 0x00007fdeea029000
Event: 0.331 Protecting memory [0x000070000765c000,0x0000700007660000] with protection modes 0
Event: 0.342 Thread 0x00007fdee800a000 Thread added: 0x00007fdee800a000
Event: 0.342 Protecting memory [0x000070000775f000,0x0000700007763000] with protection modes 0
Event: 0.361 Thread 0x00007fdeea05d200 Thread added: 0x00007fdeea05d200
Event: 0.361 Protecting memory [0x0000700007862000,0x0000700007866000] with protection modes 0
Event: 0.364 Thread 0x00007fdee800a800 Thread added: 0x00007fdee800a800
Event: 0.364 Protecting memory [0x0000700007965000,0x0000700007969000] with protection modes 0
Event: 1.704 Protecting memory [0x00007ff7b1884000,0x00007ff7b1888000] with protection modes 0
Event: 1.704 Thread 0x00007fdee982bc00 Thread added: 0x00007fdee982bc00
Event: 1.899 Thread 0x00007fdee8878800 Thread added: 0x00007fdee8878800
Event: 1.899 Protecting memory [0x0000700007b6e000,0x0000700007b72000] with protection modes 0
Event: 2.305 Thread 0x00007fdee9920c00 Thread added: 0x00007fdee9920c00
Event: 2.305 Protecting memory [0x0000700007dfa000,0x0000700007dfe000] with protection modes 0
Event: 2.310 Thread 0x00007fdee814e200 Thread added: 0x00007fdee814e200
Event: 2.310 Protecting memory [0x0000700007efd000,0x0000700007f01000] with protection modes 0
Event: 2.770 Thread 0x00007fdeea0bb000 Thread added: 0x00007fdeea0bb000
Event: 2.770 Protecting memory [0x0000700008000000,0x0000700008004000] with protection modes 0
Event: 2.959 Thread 0x00007fdee982b400 Thread added: 0x00007fdee982b400
Event: 2.960 Protecting memory [0x0000700008103000,0x0000700008107000] with protection modes 0


Dynamic libraries:
0x000000010dfad000 	/Library/Java/JavaVirtualMachines/jdk-22.jdk/Contents/Home/lib/libjli.dylib
0x00007ff821f9e000 	/usr/lib/libz.1.dylib
0x00007ff82207e000 	/usr/lib/libSystem.B.dylib
0x00007ff822079000 	/usr/lib/system/libcache.dylib
0x00007ff822035000 	/usr/lib/system/libcommonCrypto.dylib
0x00007ff82205e000 	/usr/lib/system/libcompiler_rt.dylib
0x00007ff822054000 	/usr/lib/system/libcopyfile.dylib
0x00007ff817007000 	/usr/lib/system/libcorecrypto.dylib
0x00007ff8170c5000 	/usr/lib/system/libdispatch.dylib
0x00007ff817286000 	/usr/lib/system/libdyld.dylib
0x00007ff822070000 	/usr/lib/system/libkeymgr.dylib
0x00007ff822013000 	/usr/lib/system/libmacho.dylib
0x00007ff821694000 	/usr/lib/system/libquarantine.dylib
0x00007ff82206e000 	/usr/lib/system/libremovefile.dylib
0x00007ff81c21f000 	/usr/lib/system/libsystem_asl.dylib
0x00007ff816fb0000 	/usr/lib/system/libsystem_blocks.dylib
0x00007ff81714a000 	/usr/lib/system/libsystem_c.dylib
0x00007ff822066000 	/usr/lib/system/libsystem_collections.dylib
0x00007ff820948000 	/usr/lib/system/libsystem_configuration.dylib
0x00007ff81fbf1000 	/usr/lib/system/libsystem_containermanager.dylib
0x00007ff821d4b000 	/usr/lib/system/libsystem_coreservices.dylib
0x00007ff8198bd000 	/usr/lib/system/libsystem_darwin.dylib
0x00007ff822071000 	/usr/lib/system/libsystem_dnssd.dylib
0x00007ff817147000 	/usr/lib/system/libsystem_featureflags.dylib
0x00007ff81729c000 	/usr/lib/system/libsystem_info.dylib
0x00007ff821fb1000 	/usr/lib/system/libsystem_m.dylib
0x00007ff817099000 	/usr/lib/system/libsystem_malloc.dylib
0x00007ff81c1ba000 	/usr/lib/system/libsystem_networkextension.dylib
0x00007ff819ce7000 	/usr/lib/system/libsystem_notify.dylib
0x00007ff8282f2000 	/usr/lib/system/libsystem_product_info_filter.dylib
0x00007ff82094c000 	/usr/lib/system/libsystem_sandbox.dylib
0x00007ff82206b000 	/usr/lib/system/libsystem_secinit.dylib
0x00007ff817242000 	/usr/lib/system/libsystem_kernel.dylib
0x00007ff817292000 	/usr/lib/system/libsystem_platform.dylib
0x00007ff81727a000 	/usr/lib/system/libsystem_pthread.dylib
0x00007ff81da6d000 	/usr/lib/system/libsystem_symptoms.dylib
0x00007ff816fee000 	/usr/lib/system/libsystem_trace.dylib
0x00007ff822041000 	/usr/lib/system/libunwind.dylib
0x00007ff816fb2000 	/usr/lib/system/libxpc.dylib
0x00007ff81722c000 	/usr/lib/libc++abi.dylib
0x00007ff81710c000 	/usr/lib/libobjc.A.dylib
0x00007ff82204c000 	/usr/lib/liboah.dylib
0x00007ff8171d3000 	/usr/lib/libc++.1.dylib
0x00007ff82e107000 	/System/Library/Frameworks/Cocoa.framework/Versions/A/Cocoa
0x00007ff819d45000 	/System/Library/Frameworks/AppKit.framework/Versions/C/AppKit
0x00007ff81d25b000 	/System/Library/Frameworks/CoreData.framework/Versions/A/CoreData
0x00007ff818144000 	/System/Library/Frameworks/Foundation.framework/Versions/C/Foundation
0x00007ff81abd5000 	/System/Library/PrivateFrameworks/UIFoundation.framework/Versions/A/UIFoundation
0x00007ff827ff5000 	/System/Library/PrivateFrameworks/RemoteViewServices.framework/Versions/A/RemoteViewServices
0x00007ff8202d1000 	/System/Library/PrivateFrameworks/XCTTargetBootstrap.framework/Versions/A/XCTTargetBootstrap
0x00007ff823e8b000 	/System/Library/PrivateFrameworks/InternationalSupport.framework/Versions/A/InternationalSupport
0x00007ff823f15000 	/System/Library/PrivateFrameworks/UserActivity.framework/Versions/A/UserActivity
0x00007ff823266000 	/usr/lib/libspindump.dylib
0x00007ff81ae64000 	/System/Library/Frameworks/UniformTypeIdentifiers.framework/Versions/A/UniformTypeIdentifiers
0x00007ff81e9f6000 	/usr/lib/libapp_launch_measurement.dylib
0x00007ff81dc2d000 	/System/Library/PrivateFrameworks/CoreAnalytics.framework/Versions/A/CoreAnalytics
0x00007ff81e9f9000 	/System/Library/PrivateFrameworks/CoreAutoLayout.framework/Versions/A/CoreAutoLayout
0x00007ff81fc29000 	/System/Library/Frameworks/Metal.framework/Versions/A/Metal
0x00007ff820958000 	/usr/lib/liblangid.dylib
0x00007ff8202d6000 	/System/Library/PrivateFrameworks/CoreSVG.framework/Versions/A/CoreSVG
0x00007ff81c24f000 	/System/Library/PrivateFrameworks/SkyLight.framework/Versions/A/SkyLight
0x00007ff81c5ee000 	/System/Library/Frameworks/CoreGraphics.framework/Versions/A/CoreGraphics
0x00007ff8286b5000 	/System/Library/Frameworks/Accelerate.framework/Versions/A/Accelerate
0x00007ff822ce5000 	/System/Library/PrivateFrameworks/IconServices.framework/Versions/A/IconServices
0x00007ff81fc0e000 	/System/Library/Frameworks/IOSurface.framework/Versions/A/IOSurface
0x00007ff81dc5b000 	/usr/lib/libDiagnosticMessagesClient.dylib
0x00007ff82bdab000 	/System/Library/Frameworks/ApplicationServices.framework/Versions/A/ApplicationServices
0x00007ff8202bd000 	/System/Library/PrivateFrameworks/DFRFoundation.framework/Versions/A/DFRFoundation
0x00007ff819629000 	/usr/lib/libicucore.A.dylib
0x00007ff824c81000 	/System/Library/Frameworks/AudioToolbox.framework/Versions/A/AudioToolbox
0x00007ff823e97000 	/System/Library/PrivateFrameworks/DataDetectorsCore.framework/Versions/A/DataDetectorsCore
0x00007ff92039a000 	/System/Library/PrivateFrameworks/TextInput.framework/Versions/A/TextInput
0x00007ff81c1d2000 	/usr/lib/libMobileGestalt.dylib
0x00007ff81ffc9000 	/System/Library/Frameworks/Carbon.framework/Versions/A/Frameworks/HIToolbox.framework/Versions/A/HIToolbox
0x00007ff81e3f8000 	/System/Library/Frameworks/QuartzCore.framework/Versions/A/QuartzCore
0x00007ff8192ce000 	/System/Library/Frameworks/Security.framework/Versions/A/Security
0x00007ff82802d000 	/System/Library/Frameworks/Carbon.framework/Versions/A/Frameworks/SpeechRecognition.framework/Versions/A/SpeechRecognition
0x00007ff81e756000 	/System/Library/PrivateFrameworks/CoreUI.framework/Versions/A/CoreUI
0x00007ff818b98000 	/System/Library/Frameworks/CoreAudio.framework/Versions/A/CoreAudio
0x00007ff81dd4a000 	/System/Library/Frameworks/DiskArbitration.framework/Versions/A/DiskArbitration
0x00007ff823657000 	/System/Library/PrivateFrameworks/MultitouchSupport.framework/Versions/A/MultitouchSupport
0x00007ff81c1d1000 	/usr/lib/libenergytrace.dylib
0x00007ff819c2d000 	/System/Library/Frameworks/IOKit.framework/Versions/A/IOKit
0x00007ff82841d000 	/System/Library/Frameworks/CoreServices.framework/Versions/A/CoreServices
0x00007ff81e990000 	/System/Library/PrivateFrameworks/PerformanceAnalysis.framework/Versions/A/PerformanceAnalysis
0x00007ffa3006b000 	/System/Library/Frameworks/OpenGL.framework/Versions/A/OpenGL
0x00007ff8215ba000 	/System/Library/PrivateFrameworks/MobileKeyBag.framework/Versions/A/MobileKeyBag
0x00007ff81ccba000 	/System/Library/Frameworks/ColorSync.framework/Versions/A/ColorSync
0x00007ff8172c7000 	/System/Library/Frameworks/CoreFoundation.framework/Versions/A/CoreFoundation
0x00007ff82054e000 	/System/Library/Frameworks/CoreImage.framework/Versions/A/CoreImage
0x00007ff8189ac000 	/System/Library/Frameworks/CoreText.framework/Versions/A/CoreText
0x00007ff820306000 	/System/Library/Frameworks/ImageIO.framework/Versions/A/ImageIO
0x00007ff822084000 	/System/Library/PrivateFrameworks/SoftLinking.framework/Versions/A/SoftLinking
0x00007ff81ea41000 	/usr/lib/libxml2.2.dylib
0x00007ff822308000 	/usr/lib/libcompression.dylib
0x00007ff823dbe000 	/System/Library/PrivateFrameworks/TextureIO.framework/Versions/A/TextureIO
0x00007ff8229f6000 	/usr/lib/libate.dylib
0x00007ff8227d2000 	/usr/lib/liblzma.5.dylib
0x00007ff817e56000 	/System/Library/Frameworks/SystemConfiguration.framework/Versions/A/SystemConfiguration
0x00007ff822080000 	/usr/lib/libfakelink.dylib
0x00007ff81bd2b000 	/System/Library/Frameworks/CFNetwork.framework/Versions/A/CFNetwork
0x00007ff8221c1000 	/usr/lib/libarchive.2.dylib
0x00007ff820954000 	/System/Library/PrivateFrameworks/AppleSystemInfo.framework/Versions/A/AppleSystemInfo
0x00007ff8216bb000 	/usr/lib/libbsm.0.dylib
0x00007ff81b33a000 	/usr/lib/libnetwork.dylib
0x00007ff822019000 	/usr/lib/system/libkxld.dylib
0x00007ff8212ee000 	/System/Library/PrivateFrameworks/IOMobileFramebuffer.framework/Versions/A/IOMobileFramebuffer
0x00007ffb2fa22000 	/usr/lib/libCoreEntitlements.dylib
0x00007ff821d2d000 	/System/Library/PrivateFrameworks/AppleFSCompression.framework/Versions/A/AppleFSCompression
0x00007ff8216a3000 	/usr/lib/libcoretls.dylib
0x00007ff8227ec000 	/usr/lib/libcoretls_cfhelpers.dylib
0x00007ff822302000 	/usr/lib/libpam.2.dylib
0x00007ff81d68c000 	/usr/lib/libsqlite3.dylib
0x00007ff82285b000 	/usr/lib/libxar.1.dylib
0x00007ff821d3d000 	/usr/lib/libbz2.1.0.dylib
0x00007ff822085000 	/usr/lib/libpcap.A.dylib
0x00007ff81da65000 	/usr/lib/libdns_services.dylib
0x00007ff8222d2000 	/usr/lib/libapple_nghttp2.dylib
0x00007ff8220bf000 	/usr/lib/libiconv.2.dylib
0x00007ff822012000 	/usr/lib/libcharset.1.dylib
0x00007ff81e9c4000 	/System/Library/Frameworks/CoreServices.framework/Versions/A/Frameworks/FSEvents.framework/Versions/A/FSEvents
0x00007ff8198c7000 	/System/Library/Frameworks/CoreServices.framework/Versions/A/Frameworks/CarbonCore.framework/Versions/A/CarbonCore
0x00007ff81dcae000 	/System/Library/Frameworks/CoreServices.framework/Versions/A/Frameworks/Metadata.framework/Versions/A/Metadata
0x00007ff821d50000 	/System/Library/Frameworks/CoreServices.framework/Versions/A/Frameworks/OSServices.framework/Versions/A/OSServices
0x00007ff822247000 	/System/Library/Frameworks/CoreServices.framework/Versions/A/Frameworks/SearchKit.framework/Versions/A/SearchKit
0x00007ff81d9f7000 	/System/Library/Frameworks/CoreServices.framework/Versions/A/Frameworks/AE.framework/Versions/A/AE
0x00007ff8177ca000 	/System/Library/Frameworks/CoreServices.framework/Versions/A/Frameworks/LaunchServices.framework/Versions/A/LaunchServices
0x00007ff822783000 	/System/Library/Frameworks/CoreServices.framework/Versions/A/Frameworks/DictionaryServices.framework/Versions/A/DictionaryServices
0x00007ff81e9d1000 	/System/Library/Frameworks/CoreServices.framework/Versions/A/Frameworks/SharedFileList.framework/Versions/A/SharedFileList
0x00007ff821697000 	/usr/lib/libCheckFix.dylib
0x00007ff81c236000 	/System/Library/PrivateFrameworks/TCC.framework/Versions/A/TCC
0x00007ff82095a000 	/System/Library/PrivateFrameworks/CoreNLP.framework/Versions/A/CoreNLP
0x00007ff81dc5e000 	/System/Library/PrivateFrameworks/MetadataUtilities.framework/Versions/A/MetadataUtilities
0x00007ff817f07000 	/usr/lib/libmecabra.dylib
0x00007ff8216cb000 	/usr/lib/libmecab.dylib
0x00007ff817ed2000 	/usr/lib/libCRFSuite.dylib
0x00007ff821725000 	/usr/lib/libgermantok.dylib
0x00007ff8222ad000 	/usr/lib/libThaiTokenizer.dylib
0x00007ff81dd51000 	/System/Library/Frameworks/Accelerate.framework/Versions/A/Frameworks/vImage.framework/Versions/A/vImage
0x00007ff8283f4000 	/System/Library/Frameworks/Accelerate.framework/Versions/A/Frameworks/vecLib.framework/Versions/A/vecLib
0x00007ff82289c000 	/System/Library/Frameworks/Accelerate.framework/Versions/A/Frameworks/vecLib.framework/Versions/A/libvMisc.dylib
0x00007ff821119000 	/System/Library/Frameworks/Accelerate.framework/Versions/A/Frameworks/vecLib.framework/Versions/A/libvDSP.dylib
0x00007ff817b46000 	/System/Library/Frameworks/Accelerate.framework/Versions/A/Frameworks/vecLib.framework/Versions/A/libBLAS.dylib
0x00007ff8223e5000 	/System/Library/Frameworks/Accelerate.framework/Versions/A/Frameworks/vecLib.framework/Versions/A/libLAPACK.dylib
0x00007ff821728000 	/System/Library/Frameworks/Accelerate.framework/Versions/A/Frameworks/vecLib.framework/Versions/A/libLinearAlgebra.dylib
0x00007ff8222ea000 	/System/Library/Frameworks/Accelerate.framework/Versions/A/Frameworks/vecLib.framework/Versions/A/libSparseBLAS.dylib
0x00007ff8223df000 	/System/Library/Frameworks/Accelerate.framework/Versions/A/Frameworks/vecLib.framework/Versions/A/libQuadrature.dylib
0x00007ff820a45000 	/System/Library/Frameworks/Accelerate.framework/Versions/A/Frameworks/vecLib.framework/Versions/A/libBNNS.dylib
0x00007ff817de0000 	/System/Library/Frameworks/Accelerate.framework/Versions/A/Frameworks/vecLib.framework/Versions/A/libSparse.dylib
0x00007ff820a3e000 	/System/Library/PrivateFrameworks/LinguisticData.framework/Versions/A/LinguisticData
0x00007ff817d96000 	/System/Library/PrivateFrameworks/Lexicon.framework/Versions/A/Lexicon
0x00007ff822895000 	/usr/lib/libChineseTokenizer.dylib
0x00007ff818501000 	/System/Library/PrivateFrameworks/LanguageModeling.framework/Versions/A/LanguageModeling
0x00007ff8222af000 	/System/Library/PrivateFrameworks/AppleSauce.framework/Versions/A/AppleSauce
0x00007ff8212dc000 	/System/Library/PrivateFrameworks/CoreEmoji.framework/Versions/A/CoreEmoji
0x00007ff8221b0000 	/usr/lib/libcmph.dylib
0x00007ff81e9a8000 	/System/Library/Frameworks/OpenDirectory.framework/Versions/A/Frameworks/CFOpenDirectory.framework/Versions/A/CFOpenDirectory
0x00007ff81e99c000 	/System/Library/Frameworks/OpenDirectory.framework/Versions/A/OpenDirectory
0x00007ff8227ee000 	/System/Library/PrivateFrameworks/APFS.framework/Versions/A/APFS
0x00007ff8215f2000 	/System/Library/Frameworks/SecurityFoundation.framework/Versions/A/SecurityFoundation
0x00007ff822869000 	/usr/lib/libutil.dylib
0x00007ff819bf1000 	/System/Library/PrivateFrameworks/CoreServicesStore.framework/Versions/A/CoreServicesStore
0x00007ff82286d000 	/usr/lib/libxslt.1.dylib
0x00007ff82167f000 	/System/Library/PrivateFrameworks/BackgroundTaskManagement.framework/Versions/A/BackgroundTaskManagement
0x00007ff823cde000 	/System/Library/Frameworks/ImageIO.framework/Versions/A/Resources/libRadiance.dylib
0x00007ff823ce7000 	/System/Library/Frameworks/ImageIO.framework/Versions/A/Resources/libJPEG.dylib
0x00007ff823c36000 	/System/Library/Frameworks/ImageIO.framework/Versions/A/Resources/libPng.dylib
0x00007ff823c57000 	/System/Library/Frameworks/ImageIO.framework/Versions/A/Resources/libTIFF.dylib
0x00007ff823d47000 	/System/Library/Frameworks/ImageIO.framework/Versions/A/Resources/libGIF.dylib
0x00007ff823570000 	/System/Library/Frameworks/ImageIO.framework/Versions/A/Resources/libJP2.dylib
0x00007ff822cab000 	/usr/lib/libexpat.1.dylib
0x00007ff823525000 	/System/Library/PrivateFrameworks/AppleJPEG.framework/Versions/A/AppleJPEG
0x00007ff81fe8e000 	/System/Library/PrivateFrameworks/FontServices.framework/libFontParser.dylib
0x00007ff81d9a1000 	/System/Library/PrivateFrameworks/RunningBoardServices.framework/Versions/A/RunningBoardServices
0x00007ff82e6c2000 	/System/Library/PrivateFrameworks/IOSurfaceAccelerator.framework/Versions/A/IOSurfaceAccelerator
0x00007ff823653000 	/System/Library/PrivateFrameworks/WatchdogClient.framework/Versions/A/WatchdogClient
0x00007ff8185ef000 	/System/Library/Frameworks/CoreDisplay.framework/Versions/A/CoreDisplay
0x00007ff81fd8c000 	/System/Library/Frameworks/CoreMedia.framework/Versions/A/CoreMedia
0x00007ff81fc20000 	/System/Library/PrivateFrameworks/IOAccelerator.framework/Versions/A/IOAccelerator
0x00007ff81eb25000 	/System/Library/Frameworks/CoreVideo.framework/Versions/A/CoreVideo
0x00007ff822300000 	/System/Library/Frameworks/MetalPerformanceShaders.framework/Versions/A/MetalPerformanceShaders
0x00007ff823690000 	/System/Library/Frameworks/VideoToolbox.framework/Versions/A/VideoToolbox
0x00007ff81d8eb000 	/System/Library/PrivateFrameworks/BaseBoard.framework/Versions/A/BaseBoard
0x00007ff81d672000 	/System/Library/PrivateFrameworks/ProtocolBuffer.framework/Versions/A/ProtocolBuffer
0x00007ff823cd7000 	/System/Library/PrivateFrameworks/GPUWrangler.framework/Versions/A/GPUWrangler
0x00007ff823cbb000 	/System/Library/PrivateFrameworks/IOPresentment.framework/Versions/A/IOPresentment
0x00007ff823ce1000 	/System/Library/PrivateFrameworks/DSExternalDisplay.framework/Versions/A/DSExternalDisplay
0x00007ffa3005f000 	/System/Library/Frameworks/OpenGL.framework/Versions/A/Libraries/libCoreFSCache.dylib
0x00007ffb1d135000 	/System/Library/PrivateFrameworks/GPUCompiler.framework/Versions/31001/Libraries/libGPUCompilerUtils.dylib
0x00007ff823d4c000 	/System/Library/PrivateFrameworks/CMCaptureCore.framework/Versions/A/CMCaptureCore
0x00007ff823254000 	/System/Library/PrivateFrameworks/AppServerSupport.framework/Versions/A/AppServerSupport
0x00007ff82551a000 	/System/Library/PrivateFrameworks/perfdata.framework/Versions/A/perfdata
0x00007ff81871b000 	/System/Library/PrivateFrameworks/AudioToolboxCore.framework/Versions/A/AudioToolboxCore
0x00007ff81fd6a000 	/System/Library/PrivateFrameworks/caulk.framework/Versions/A/caulk
0x00007ff824e2c000 	/usr/lib/libAudioStatistics.dylib
0x00007ff91cb1f000 	/System/Library/PrivateFrameworks/SystemPolicy.framework/Versions/A/SystemPolicy
0x00007ff825087000 	/usr/lib/libSMC.dylib
0x00007ff82dfba000 	/System/Library/Frameworks/CoreMIDI.framework/Versions/A/CoreMIDI
0x00007ff823c05000 	/usr/lib/libAudioToolboxUtility.dylib
0x00007ff918d43000 	/System/Library/PrivateFrameworks/OSAServicesClient.framework/Versions/A/OSAServicesClient
0x00007ff825527000 	/usr/lib/libperfcheck.dylib
0x00007ff91d5d0000 	/usr/lib/libmis.dylib
0x00007ffa300ba000 	/System/Library/Frameworks/OpenGL.framework/Versions/A/Libraries/libGLU.dylib
0x00007ffa3007e000 	/System/Library/Frameworks/OpenGL.framework/Versions/A/Libraries/libGFXShared.dylib
0x00007ffa30287000 	/System/Library/Frameworks/OpenGL.framework/Versions/A/Libraries/libGL.dylib
0x00007ffa30087000 	/System/Library/Frameworks/OpenGL.framework/Versions/A/Libraries/libGLImage.dylib
0x00007ffa3007b000 	/System/Library/Frameworks/OpenGL.framework/Versions/A/Libraries/libCVMSPluginSupport.dylib
0x00007ffa30066000 	/System/Library/Frameworks/OpenGL.framework/Versions/A/Libraries/libCoreVMClient.dylib
0x00007ff8208d6000 	/System/Library/Frameworks/MetalPerformanceShaders.framework/Versions/A/Frameworks/MPSCore.framework/Versions/A/MPSCore
0x00007ff821c98000 	/System/Library/Frameworks/MetalPerformanceShaders.framework/Versions/A/Frameworks/MPSImage.framework/Versions/A/MPSImage
0x00007ff82173e000 	/System/Library/Frameworks/MetalPerformanceShaders.framework/Versions/A/Frameworks/MPSNeuralNetwork.framework/Versions/A/MPSNeuralNetwork
0x00007ff821bb2000 	/System/Library/Frameworks/MetalPerformanceShaders.framework/Versions/A/Frameworks/MPSMatrix.framework/Versions/A/MPSMatrix
0x00007ff82196d000 	/System/Library/Frameworks/MetalPerformanceShaders.framework/Versions/A/Frameworks/MPSRayIntersector.framework/Versions/A/MPSRayIntersector
0x00007ff821bea000 	/System/Library/Frameworks/MetalPerformanceShaders.framework/Versions/A/Frameworks/MPSNDArray.framework/Versions/A/MPSNDArray
0x00007ffa35b3f000 	/System/Library/Frameworks/MetalPerformanceShaders.framework/Versions/A/Frameworks/MPSFunctions.framework/Versions/A/MPSFunctions
0x00007ff817a22000 	/System/Library/PrivateFrameworks/MetalTools.framework/Versions/A/MetalTools
0x00007ff820952000 	/System/Library/PrivateFrameworks/AggregateDictionary.framework/Versions/A/AggregateDictionary
0x00007ff822a8d000 	/usr/lib/libIOReport.dylib
0x00007ffa31696000 	/System/Library/Frameworks/OpenCL.framework/Versions/A/OpenCL
0x00007ff822df2000 	/System/Library/PrivateFrameworks/FaceCore.framework/Versions/A/FaceCore
0x00007ff822de3000 	/System/Library/PrivateFrameworks/GraphVisualizer.framework/Versions/A/GraphVisualizer
0x00007ffb1d040000 	/System/Library/PrivateFrameworks/FontServices.framework/Versions/A/FontServices
0x00007ff82320c000 	/System/Library/PrivateFrameworks/OTSVG.framework/Versions/A/OTSVG
0x00007ff81e70b000 	/System/Library/Frameworks/ApplicationServices.framework/Versions/A/Frameworks/ATS.framework/Versions/A/Resources/libFontRegistry.dylib
0x00007ff82325c000 	/System/Library/PrivateFrameworks/FontServices.framework/libhvf.dylib
0x00007ffb1d041000 	/System/Library/PrivateFrameworks/FontServices.framework/libXTFontStaticRegistryData.dylib
0x00007ff822c5b000 	/System/Library/PrivateFrameworks/AppleVA.framework/Versions/A/AppleVA
0x00007ff824e4c000 	/System/Library/Frameworks/ApplicationServices.framework/Versions/A/Frameworks/ATS.framework/Versions/A/ATS
0x00007ff81cdb8000 	/System/Library/Frameworks/ApplicationServices.framework/Versions/A/Frameworks/HIServices.framework/Versions/A/HIServices
0x00007ff823d56000 	/System/Library/Frameworks/ApplicationServices.framework/Versions/A/Frameworks/PrintCore.framework/Versions/A/PrintCore
0x00007ff8251da000 	/System/Library/Frameworks/ApplicationServices.framework/Versions/A/Frameworks/QD.framework/Versions/A/QD
0x00007ff8251d2000 	/System/Library/Frameworks/ApplicationServices.framework/Versions/A/Frameworks/ColorSyncLegacy.framework/Versions/A/ColorSyncLegacy
0x00007ff824e3c000 	/System/Library/Frameworks/ApplicationServices.framework/Versions/A/Frameworks/SpeechSynthesis.framework/Versions/A/SpeechSynthesis
0x00007ff823d17000 	/System/Library/Frameworks/ApplicationServices.framework/Versions/A/Frameworks/ATSUI.framework/Versions/A/ATSUI
0x00007ff825167000 	/usr/lib/libcups.2.dylib
0x00007ff825536000 	/System/Library/Frameworks/Kerberos.framework/Versions/A/Kerberos
0x00007ff825545000 	/System/Library/Frameworks/GSS.framework/Versions/A/GSS
0x00007ff824eb8000 	/usr/lib/libresolv.9.dylib
0x00007ff82326b000 	/System/Library/PrivateFrameworks/Heimdal.framework/Versions/A/Heimdal
0x00007ff82c13d000 	/System/Library/Frameworks/Kerberos.framework/Versions/A/Libraries/libHeimdalProxy.dylib
0x00007ff81da75000 	/System/Library/Frameworks/Network.framework/Versions/A/Network
0x00007ff822cc6000 	/usr/lib/libheimdal-asn1.dylib
0x00007ff825590000 	/System/Library/PrivateFrameworks/CommonAuth.framework/Versions/A/CommonAuth
0x00007ff824dbe000 	/System/Library/PrivateFrameworks/AudioSession.framework/Versions/A/AudioSession
0x00007ff822d56000 	/System/Library/PrivateFrameworks/MediaExperience.framework/Versions/A/MediaExperience
0x00007ff824c50000 	/System/Library/PrivateFrameworks/AudioSession.framework/libSessionUtility.dylib
0x00007ff8251e6000 	/System/Library/PrivateFrameworks/AudioResourceArbitration.framework/Versions/A/AudioResourceArbitration
0x00007ff829267000 	/System/Library/PrivateFrameworks/PowerLog.framework/Versions/A/PowerLog
0x00007ff822ccf000 	/System/Library/PrivateFrameworks/IconFoundation.framework/Versions/A/IconFoundation
0x00007ff82801d000 	/System/Library/PrivateFrameworks/SpeechRecognitionCore.framework/Versions/A/SpeechRecognitionCore
0x000000010f1e9000 	/Library/Java/JavaVirtualMachines/jdk-22.jdk/Contents/Home/lib/server/libjvm.dylib
0x000000010dfe4000 	/Library/Java/JavaVirtualMachines/jdk-22.jdk/Contents/Home/lib/libjimage.dylib
0x000000010e066000 	/Library/Java/JavaVirtualMachines/jdk-22.jdk/Contents/Home/lib/libjava.dylib
0x000000010ead0000 	/Library/Java/JavaVirtualMachines/jdk-22.jdk/Contents/Home/lib/libnio.dylib
0x000000010eaf0000 	/Library/Java/JavaVirtualMachines/jdk-22.jdk/Contents/Home/lib/libnet.dylib
0x000000010eb08000 	/Library/Java/JavaVirtualMachines/jdk-22.jdk/Contents/Home/lib/libzip.dylib
0x000000010ebc3000 	/Library/Java/JavaVirtualMachines/jdk-22.jdk/Contents/Home/lib/libawt.dylib
0x000000010ed30000 	/Library/Java/JavaVirtualMachines/jdk-22.jdk/Contents/Home/lib/libmlib_image.dylib
0x00007ffa35aa8000 	/System/Library/Frameworks/JavaRuntimeSupport.framework/Versions/A/JavaRuntimeSupport
0x00007ff91c643000 	/System/Library/Frameworks/Carbon.framework/Versions/A/Carbon
0x00007ff82a4e2000 	/System/Library/PrivateFrameworks/CoreSymbolication.framework/Versions/A/CoreSymbolication
0x00007ff82fa81000 	/System/Library/Frameworks/Carbon.framework/Versions/A/Frameworks/CommonPanels.framework/Versions/A/CommonPanels
0x00007ff82bb17000 	/System/Library/Frameworks/Carbon.framework/Versions/A/Frameworks/Help.framework/Versions/A/Help
0x00007ff82fa85000 	/System/Library/Frameworks/Carbon.framework/Versions/A/Frameworks/ImageCapture.framework/Versions/A/ImageCapture
0x00007ff82fa55000 	/System/Library/Frameworks/Carbon.framework/Versions/A/Frameworks/OpenScripting.framework/Versions/A/OpenScripting
0x00007ff82fa7d000 	/System/Library/Frameworks/Carbon.framework/Versions/A/Frameworks/Ink.framework/Versions/A/Ink
0x00007ff91c63f000 	/System/Library/Frameworks/Carbon.framework/Versions/A/Frameworks/Print.framework/Versions/A/Print
0x00007ff82fa79000 	/System/Library/Frameworks/Carbon.framework/Versions/A/Frameworks/SecurityHI.framework/Versions/A/SecurityHI
0x00007ff82a4a7000 	/System/Library/PrivateFrameworks/DebugSymbols.framework/Versions/A/DebugSymbols
0x000000010ef00000 	/Library/Java/JavaVirtualMachines/jdk-22.jdk/Contents/Home/lib/libawt_lwawt.dylib
0x000000010eb45000 	/Library/Java/JavaVirtualMachines/jdk-22.jdk/Contents/Home/lib/libosxapp.dylib
0x00007ff91b90d000 	/System/Library/Frameworks/ExceptionHandling.framework/Versions/A/ExceptionHandling
0x0000000110475000 	/Library/Java/JavaVirtualMachines/jdk-22.jdk/Contents/Home/lib/libfontmanager.dylib
0x000000010eddc000 	/Library/Java/JavaVirtualMachines/jdk-22.jdk/Contents/Home/lib/libfreetype.dylib
0x00007ff819bb3000 	/System/Library/PrivateFrameworks/CoreServicesInternal.framework/Versions/A/CoreServicesInternal
0x00007ff829858000 	/System/Library/Frameworks/FileProvider.framework/Versions/A/FileProvider
0x00007ff81d858000 	/System/Library/Frameworks/Accounts.framework/Versions/A/Accounts
0x00007ff8299d1000 	/System/Library/PrivateFrameworks/GenerationalStorage.framework/Versions/A/GenerationalStorage
0x00007ff82925c000 	/System/Library/PrivateFrameworks/SymptomDiagnosticReporter.framework/Versions/A/SymptomDiagnosticReporter
0x00007ff81ae78000 	/System/Library/PrivateFrameworks/DesktopServicesPriv.framework/Versions/A/DesktopServicesPriv
0x00007ff819cf6000 	/usr/lib/libsandbox.1.dylib
0x00007ff81eba4000 	/System/Library/PrivateFrameworks/UserManagement.framework/Versions/A/UserManagement
0x00007ff8251c7000 	/System/Library/PrivateFrameworks/NetAuth.framework/Versions/A/NetAuth
0x00007ff8260d6000 	/System/Library/PrivateFrameworks/Sharing.framework/Versions/A/Sharing
0x00007ff81eb77000 	/System/Library/PrivateFrameworks/login.framework/Versions/A/Frameworks/loginsupport.framework/Versions/A/loginsupport
0x00007ff82b645000 	/System/Library/PrivateFrameworks/Apple80211.framework/Versions/A/Apple80211
0x00007ff821d7d000 	/System/Library/PrivateFrameworks/AuthKit.framework/Versions/A/AuthKit
0x00007ff8213d2000 	/System/Library/PrivateFrameworks/CoreUtils.framework/Versions/A/CoreUtils
0x00007ff8212f9000 	/System/Library/Frameworks/CoreWLAN.framework/Versions/A/CoreWLAN
0x00007ff826235000 	/System/Library/Frameworks/IOBluetooth.framework/Versions/A/IOBluetooth
0x00007ff82b6ad000 	/System/Library/PrivateFrameworks/CoreWiFi.framework/Versions/A/CoreWiFi
0x00007ff82a07b000 	/System/Library/PrivateFrameworks/FrontBoardServices.framework/Versions/A/FrontBoardServices
0x00007ff82a10c000 	/System/Library/PrivateFrameworks/BoardServices.framework/Versions/A/BoardServices
0x00007ff8215e1000 	/System/Library/PrivateFrameworks/AssertionServices.framework/Versions/A/AssertionServices
0x00007ff82b830000 	/System/Library/PrivateFrameworks/BackBoardServices.framework/Versions/A/BackBoardServices
0x00007ff825621000 	/System/Library/PrivateFrameworks/CorePhoneNumbers.framework/Versions/A/CorePhoneNumbers
0x00007ff824ee5000 	/System/Library/PrivateFrameworks/MultiverseSupport.framework/Versions/A/MultiverseSupport
0x00007ff82baa4000 	/System/Library/PrivateFrameworks/RemoteServiceDiscovery.framework/Versions/A/RemoteServiceDiscovery
0x00007ff829379000 	/System/Library/PrivateFrameworks/DiskManagement.framework/Versions/A/DiskManagement
0x00007ff82928d000 	/System/Library/PrivateFrameworks/AppleIDAuthSupport.framework/Versions/A/AppleIDAuthSupport
0x00007ffb179bc000 	/System/Library/PrivateFrameworks/AAAFoundation.framework/Versions/A/AAAFoundation
0x00007ff825602000 	/System/Library/PrivateFrameworks/KeychainCircle.framework/Versions/A/KeychainCircle
0x00007ff82bab4000 	/System/Library/PrivateFrameworks/RemoteXPC.framework/Versions/A/RemoteXPC
0x00007ff829345000 	/System/Library/PrivateFrameworks/MediaKit.framework/Versions/A/MediaKit
0x00007ff829299000 	/System/Library/Frameworks/DiscRecording.framework/Versions/A/DiscRecording
0x00007ff822bd3000 	/usr/lib/libCoreStorage.dylib
0x00007ff82bb1f000 	/usr/lib/libcsfde.dylib
0x00007ff826302000 	/System/Library/PrivateFrameworks/ProtectedCloudStorage.framework/Versions/A/ProtectedCloudStorage
0x00007ff82bb1b000 	/System/Library/PrivateFrameworks/EFILogin.framework/Versions/A/EFILogin
0x00007ff8299f7000 	/System/Library/PrivateFrameworks/OctagonTrust.framework/Versions/A/OctagonTrust
0x00007ffb1c2a4000 	/System/Library/PrivateFrameworks/CoreUtilsExtras.framework/Versions/A/CoreUtilsExtras
0x00007ff8291c0000 	/System/Library/Frameworks/CoreBluetooth.framework/Versions/A/CoreBluetooth
0x00007ff82c1c2000 	/System/Library/Frameworks/AudioUnit.framework/Versions/A/AudioUnit
0x00007ff822bcb000 	/usr/lib/libMatch.1.dylib
0x00007ff9243d0000 	/System/Library/CoreServices/RawCamera.bundle/Contents/MacOS/RawCamera
0x00007ff8255a0000 	/System/Library/PrivateFrameworks/MobileAsset.framework/Versions/A/MobileAsset
0x00007ff82c1e9000 	/System/Library/PrivateFrameworks/StreamingZip.framework/Versions/A/StreamingZip
0x00007ffb19598000 	/System/Library/PrivateFrameworks/CMPhoto.framework/Versions/A/CMPhoto
0x00007ff82a37d000 	/System/Library/PrivateFrameworks/AppleVPA.framework/Versions/A/AppleVPA
0x00007ff823f80000 	/System/Library/Frameworks/MediaToolbox.framework/Versions/A/MediaToolbox
0x00007ff829828000 	/System/Library/PrivateFrameworks/CoreAVCHD.framework/Versions/A/CoreAVCHD
0x00007ff8286fd000 	/System/Library/Frameworks/MediaAccessibility.framework/Versions/A/MediaAccessibility
0x00007ff829824000 	/System/Library/PrivateFrameworks/Mangrove.framework/Versions/A/Mangrove
0x00007ff828708000 	/System/Library/PrivateFrameworks/AlgosScoreFramework.framework/Versions/A/AlgosScoreFramework
0x00007ff829469000 	/System/Library/PrivateFrameworks/CoreAUC.framework/Versions/A/CoreAUC
0x00007ff921bf9000 	/System/Library/Frameworks/Accelerate.framework/Versions/A/Frameworks/vImage.framework/Versions/A/Libraries/libCGInterfaces.dylib
0x000000010eee4000 	/usr/lib/libobjc-trampolines.dylib
0x00007ff81e89c000 	/System/Library/PrivateFrameworks/ViewBridge.framework/Versions/A/ViewBridge
0x00007ffb2fb11000 	/usr/lib/libRosetta.dylib
0x00007ffa2746b000 	/System/Library/Extensions/AppleIntelBDWGraphicsMTLDriver.bundle/Contents/MacOS/AppleIntelBDWGraphicsMTLDriver
0x00007ff91d5eb000 	/System/Library/PrivateFrameworks/GPURawCounter.framework/Versions/A/GPURawCounter
0x00000001108eb000 	/Library/Java/JavaVirtualMachines/jdk-22.jdk/Contents/Home/lib/libosxui.dylib
0x00007ff823323000 	/System/Library/PrivateFrameworks/login.framework/Versions/A/login


VM Arguments:
jvm_args: -Dfile.encoding=UTF-8 -Dstdout.encoding=UTF-8 -Dstderr.encoding=UTF-8 -XX:+ShowCodeDetailsInExceptionMessages 
java_command: trax.MainApp
java_class_path (initial): /Users/sawyerreeve/Documents/GitHub/TRAX/trax/bin:/Users/sawyerreeve/Documents/GitHub/TRAX/trax/lib/algs4.jar
Launcher Type: SUN_STANDARD

[Global flags]
     intx CICompilerCount                          = 3                                         {product} {ergonomic}
     uint ConcGCThreads                            = 1                                         {product} {ergonomic}
     uint G1ConcRefinementThreads                  = 4                                         {product} {ergonomic}
   size_t G1HeapRegionSize                         = 1048576                                   {product} {ergonomic}
   size_t InitialHeapSize                          = 134217728                                 {product} {ergonomic}
   size_t MarkStackSize                            = 4194304                                   {product} {ergonomic}
   size_t MaxHeapSize                              = 2147483648                                {product} {ergonomic}
   size_t MaxNewSize                               = 1287651328                                {product} {ergonomic}
   size_t MinHeapDeltaBytes                        = 1048576                                   {product} {ergonomic}
   size_t MinHeapSize                              = 8388608                                   {product} {ergonomic}
    uintx NonNMethodCodeHeapSize                   = 5832780                                {pd product} {ergonomic}
    uintx NonProfiledCodeHeapSize                  = 122912730                              {pd product} {ergonomic}
    uintx ProfiledCodeHeapSize                     = 122912730                              {pd product} {ergonomic}
    uintx ReservedCodeCacheSize                    = 251658240                              {pd product} {ergonomic}
     bool SegmentedCodeCache                       = true                                      {product} {ergonomic}
     bool ShowCodeDetailsInExceptionMessages       = true                                   {manageable} {command line}
   size_t SoftMaxHeapSize                          = 2147483648                             {manageable} {ergonomic}
     bool UseCompressedOops                        = true                           {product lp64_product} {ergonomic}
     bool UseG1GC                                  = true                                      {product} {ergonomic}
     bool UseNUMA                                  = false                                     {product} {ergonomic}
     bool UseNUMAInterleaving                      = false                                     {product} {ergonomic}

Logging:
Log output configuration:
 #0: stdout all=warning uptime,level,tags foldmultilines=false
 #1: stderr all=off uptime,level,tags foldmultilines=false

Environment Variables:
PATH=/usr/bin:/bin:/usr/sbin:/sbin
SHELL=/bin/zsh
TMPDIR=/var/folders/0_/gdssyscd2pv14pvpq44tckkw0000gn/T/

Active Locale:
LC_ALL=C
LC_COLLATE=C
LC_CTYPE=C
LC_MESSAGES=C
LC_MONETARY=C
LC_NUMERIC=C
LC_TIME=C

Signal Handlers:
   SIGSEGV: crash_handler in libjvm.dylib, mask=11100110000111110111111111111111, flags=SA_ONSTACK|SA_RESTART|SA_SIGINFO, unblocked
    SIGBUS: crash_handler in libjvm.dylib, mask=11100110000111110111111111111111, flags=SA_RESTART|SA_SIGINFO, unblocked
    SIGFPE: crash_handler in libjvm.dylib, mask=11100110000111110111111111111111, flags=SA_RESTART|SA_SIGINFO, unblocked
   SIGPIPE: javaSignalHandler in libjvm.dylib, mask=11100110000111110111111111111111, flags=SA_RESTART|SA_SIGINFO, blocked
   SIGXFSZ: javaSignalHandler in libjvm.dylib, mask=11100110000111110111111111111111, flags=SA_RESTART|SA_SIGINFO, blocked
    SIGILL: crash_handler in libjvm.dylib, mask=11100110000111110111111111111111, flags=SA_RESTART|SA_SIGINFO, unblocked
   SIGUSR2: SR_handler in libjvm.dylib, mask=00000000000000000000000000000000, flags=SA_RESTART|SA_SIGINFO, blocked
    SIGHUP: UserHandler in libjvm.dylib, mask=11100110000111110111111111111111, flags=SA_RESTART|SA_SIGINFO, blocked
    SIGINT: UserHandler in libjvm.dylib, mask=11100110000111110111111111111111, flags=SA_RESTART|SA_SIGINFO, blocked
   SIGTERM: UserHandler in libjvm.dylib, mask=11100110000111110111111111111111, flags=SA_RESTART|SA_SIGINFO, blocked
   SIGQUIT: UserHandler in libjvm.dylib, mask=11100110000111110111111111111111, flags=SA_RESTART|SA_SIGINFO, blocked
   SIGTRAP: crash_handler in libjvm.dylib, mask=11100110000111110111111111111111, flags=SA_RESTART|SA_SIGINFO, unblocked


Periodic native trim disabled

---------------  S Y S T E M  ---------------

OS:
uname: Darwin 21.6.0 Darwin Kernel Version 21.6.0: Mon Feb 19 20:24:34 PST 2024; root:xnu-8020.240.18.707.4~1/RELEASE_X86_64 x86_64
OS uptime: 15 days 3:01 hours
rlimit (soft/hard): STACK 8192k/65532k , CORE 0k/infinity , NPROC 1392/2088 , NOFILE 10240/infinity , AS infinity/infinity , CPU infinity/infinity , DATA infinity/infinity , FSIZE infinity/infinity , MEMLOCK infinity/infinity , RSS infinity/infinity
load average: 12.71 6.65 4.63

CPU: total 4 (initial active 4) (2 cores per cpu, 2 threads per core) family 6 model 61 stepping 4 microcode 0x2f, cx8, cmov, fxsr, ht, mmx, 3dnowpref, sse, sse2, sse3, ssse3, sse4.1, sse4.2, popcnt, lzcnt, tsc, tscinvbit, avx, avx2, aes, erms, clmul, bmi1, bmi2, adx, fma, vzeroupper, clflush, rdtscp, f16c
machdep.cpu.brand_string:Intel(R) Core(TM) i5-5257U CPU @ 2.70GHz
hw.cpufrequency:2700000000
hw.cpufrequency_min:2700000000
hw.cpufrequency_max:2700000000
hw.cachelinesize:64
hw.l1icachesize:32768
hw.l1dcachesize:32768
hw.l2cachesize:262144
hw.l3cachesize:3145728

Memory: 4k page, physical 8388608k(144752k free), swap 2097152k(1252608k free)

vm_info: Java HotSpot(TM) 64-Bit Server VM (22+36-2370) for bsd-amd64 JRE (22+36-2370), built on 2024-02-15T22:15:19Z by "mach5one" with clang Apple LLVM 14.0.3 (clang-1403.0.22.14.1)

END.
